C:\projects\NG4_TIG\NewPendant_NG4_10_21_25A\Logical\Universal\XMLHelper\libsscanf2-i386.a
C:\projects\NG4_TIG\NewPendant_NG4_10_21_25A\Logical\Libraries\brsystem\brsystem.var
C:\projects\NG4_TIG\NewPendant_NG4_10_21_25A\Logical\Libraries\brsystem\brsystem.fun
C:\projects\NG4_TIG\NewPendant_NG4_10_21_25A\Logical\Libraries\Operator\operator.fun
C:\projects\NG4_TIG\NewPendant_NG4_10_21_25A\Logical\Libraries\Runtime\runtime.var
C:\projects\NG4_TIG\NewPendant_NG4_10_21_25A\Logical\Libraries\Runtime\runtime.typ
C:\projects\NG4_TIG\NewPendant_NG4_10_21_25A\Logical\Libraries\Runtime\runtime.fun
C:\projects\NG4_TIG\NewPendant_NG4_10_21_25A\Logical\Libraries\AsTime\astime.var
C:\projects\NG4_TIG\NewPendant_NG4_10_21_25A\Logical\Libraries\AsTime\astime.typ
C:\projects\NG4_TIG\NewPendant_NG4_10_21_25A\Logical\Libraries\AsTime\astime.fun
C:\projects\NG4_TIG\NewPendant_NG4_10_21_25A\Logical\Libraries\sys_lib\sys_lib.var
C:\projects\NG4_TIG\NewPendant_NG4_10_21_25A\Logical\Libraries\sys_lib\sys_lib.typ
C:\projects\NG4_TIG\NewPendant_NG4_10_21_25A\Logical\Libraries\sys_lib\sys_lib.fun
C:\projects\NG4_TIG\NewPendant_NG4_10_21_25A\Logical\Libraries\Ethernet\Ethernet.typ
C:\projects\NG4_TIG\NewPendant_NG4_10_21_25A\Logical\Libraries\Ethernet\Ethernet.fun
C:\projects\NG4_TIG\NewPendant_NG4_10_21_25A\Logical\Libraries\Ethernet\Ethernet.var
C:\projects\NG4_TIG\NewPendant_NG4_10_21_25A\Logical\Libraries\Visapi\Visapi.typ
C:\projects\NG4_TIG\NewPendant_NG4_10_21_25A\Logical\Libraries\Visapi\Visapi.fun
C:\projects\NG4_TIG\NewPendant_NG4_10_21_25A\Logical\Libraries\Visapi\Visapi.var
C:\projects\NG4_TIG\NewPendant_NG4_10_21_25A\Logical\Libraries\AsRfbExt\asrfbext.typ
C:\projects\NG4_TIG\NewPendant_NG4_10_21_25A\Logical\Libraries\AsRfbExt\asrfbext.fun
C:\projects\NG4_TIG\NewPendant_NG4_10_21_25A\Logical\Libraries\dvframe\dvframe.var
C:\projects\NG4_TIG\NewPendant_NG4_10_21_25A\Logical\Libraries\dvframe\dvframe.typ
C:\projects\NG4_TIG\NewPendant_NG4_10_21_25A\Logical\Libraries\dvframe\dvframe.fun
C:\projects\NG4_TIG\NewPendant_NG4_10_21_25A\Logical\Libraries\AsTCP\AsTCP.var
C:\projects\NG4_TIG\NewPendant_NG4_10_21_25A\Logical\Libraries\AsTCP\AsTCP.typ
C:\projects\NG4_TIG\NewPendant_NG4_10_21_25A\Logical\Libraries\AsTCP\AsTCP.fun
C:\projects\NG4_TIG\NewPendant_NG4_10_21_25A\Logical\Libraries\FileIO\FileIO.var
C:\projects\NG4_TIG\NewPendant_NG4_10_21_25A\Logical\Libraries\FileIO\FileIO.typ
C:\projects\NG4_TIG\NewPendant_NG4_10_21_25A\Logical\Libraries\FileIO\FileIO.fun
C:\projects\NG4_TIG\NewPendant_NG4_10_21_25A\Logical\Libraries\AsARCfg\AsARCfg.var
C:\projects\NG4_TIG\NewPendant_NG4_10_21_25A\Logical\Libraries\AsARCfg\AsARCfg.typ
C:\projects\NG4_TIG\NewPendant_NG4_10_21_25A\Logical\Libraries\AsARCfg\AsARCfg.fun
C:\projects\NG4_TIG\NewPendant_NG4_10_21_25A\Logical\Libraries\AsUDP\AsUDP.var
C:\projects\NG4_TIG\NewPendant_NG4_10_21_25A\Logical\Libraries\AsUDP\AsUDP.typ
C:\projects\NG4_TIG\NewPendant_NG4_10_21_25A\Logical\Libraries\AsUDP\AsUDP.fun
C:\projects\NG4_TIG\NewPendant_NG4_10_21_25A\Logical\Libraries\DataObj\DataObj.var
C:\projects\NG4_TIG\NewPendant_NG4_10_21_25A\Logical\Libraries\DataObj\DataObj.typ
C:\projects\NG4_TIG\NewPendant_NG4_10_21_25A\Logical\Libraries\DataObj\DataObj.fun
C:\projects\NG4_TIG\NewPendant_NG4_10_21_25A\Logical\Libraries\AsBrMath\AsBrMath.var
C:\projects\NG4_TIG\NewPendant_NG4_10_21_25A\Logical\Libraries\AsBrMath\AsBrMath.fun
C:\projects\NG4_TIG\NewPendant_NG4_10_21_25A\Logical\Libraries\standard\standard.fun
C:\projects\NG4_TIG\NewPendant_NG4_10_21_25A\Logical\Libraries\AsIecCon\AsIecCon.fun
C:\projects\NG4_TIG\NewPendant_NG4_10_21_25A\Logical\Libraries\AsIOTime\AsIOTime.fun
C:\projects\NG4_TIG\NewPendant_NG4_10_21_25A\Logical\Libraries\bglibas\bglibas.typ
C:\projects\NG4_TIG\NewPendant_NG4_10_21_25A\Logical\Libraries\bglibas\bglibas.var
C:\projects\NG4_TIG\NewPendant_NG4_10_21_25A\Logical\Libraries\bglibas\bglibas.fun
C:\projects\NG4_TIG\NewPendant_NG4_10_21_25A\Logical\Libraries\asstring\asstring.fun
C:\projects\NG4_TIG\NewPendant_NG4_10_21_25A\Logical\Libraries\AsXml\AsXml.var
C:\projects\NG4_TIG\NewPendant_NG4_10_21_25A\Logical\Libraries\AsXml\AsXml.typ
C:\projects\NG4_TIG\NewPendant_NG4_10_21_25A\Logical\Libraries\AsXml\AsXml.fun
C:\projects\NG4_TIG\NewPendant_NG4_10_21_25A\Logical\Libraries\Acp10man\Acp10man.typ
C:\projects\NG4_TIG\NewPendant_NG4_10_21_25A\Logical\Libraries\Acp10par\Acp10par.var
C:\projects\NG4_TIG\NewPendant_NG4_10_21_25A\Logical\Libraries\NcGlobal\NcGlobal.fun
C:\projects\NG4_TIG\NewPendant_NG4_10_21_25A\Logical\Libraries\NcGlobal\NcGlobal.typ
C:\projects\NG4_TIG\NewPendant_NG4_10_21_25A\Logical\Libraries\NcGlobal\NcGlobal.var
C:\projects\NG4_TIG\NewPendant_NG4_10_21_25A\Logical\UDP\udpApp.typ
C:\projects\NG4_TIG\NewPendant_NG4_10_21_25A\Logical\UDP\udpApp.var
C:\projects\NG4_TIG\NewPendant_NG4_10_21_25A\Logical\UDP\cJSON\cJSON.typ
C:\projects\NG4_TIG\NewPendant_NG4_10_21_25A\Logical\UDP\cJSON\cJSON.var
C:\projects\NG4_TIG\NewPendant_NG4_10_21_25A\Logical\UDP\paiUDPService\paiUDPService.typ
C:\projects\NG4_TIG\NewPendant_NG4_10_21_25A\Logical\UDP\paiUDPService\paiUDPService.var
C:\projects\NG4_TIG\NewPendant_NG4_10_21_25A\Logical\UDP\sscanf2\libsscanf2-i386.a
C:\projects\NG4_TIG\NewPendant_NG4_10_21_25A\Temp\Objects\X20CP1585_MIG_HW_PS\PLC1\LincolnPS\LincolnPSGlobal.var
C:\projects\NG4_TIG\NewPendant_NG4_10_21_25A\Temp\Objects\X20CP1585_MIG_HW_PS\PLC1\LincolnPS\LincolnPSGlobal.typ
C:\projects\NG4_TIG\NewPendant_NG4_10_21_25A\Temp\Objects\X20CP1585_MIG_HW_PS\PLC1\TML_srv\TML_srvGlobal.var
C:\projects\NG4_TIG\NewPendant_NG4_10_21_25A\Temp\Objects\X20CP1585_MIG_HW_PS\PLC1\TML_srv\TML_srvGlobal.typ
C:\projects\NG4_TIG\NewPendant_NG4_10_21_25A\Temp\Objects\X20CP1585_MIG_HW_PS\PLC1\AVC_SYNCH\AVC_SYNCHGlobal.var
C:\projects\NG4_TIG\NewPendant_NG4_10_21_25A\Temp\Objects\X20CP1585_MIG_HW_PS\PLC1\AVC_SYNCH\AVC_SYNCHGlobal.typ
C:\projects\NG4_TIG\NewPendant_NG4_10_21_25A\Temp\Objects\X20CP1585_MIG_HW_PS\PLC1\TIG_PSprc\TIG_PSprcGlobal.var
C:\projects\NG4_TIG\NewPendant_NG4_10_21_25A\Temp\Objects\X20CP1585_MIG_HW_PS\PLC1\TIG_PSprc\TIG_PSprcGlobal.typ
C:\projects\NG4_TIG\NewPendant_NG4_10_21_25A\Temp\Objects\X20CP1585_MIG_HW_PS\PLC1\WRST\WRSTGlobal.var
C:\projects\NG4_TIG\NewPendant_NG4_10_21_25A\Temp\Objects\X20CP1585_MIG_HW_PS\PLC1\WRST\WRSTGlobal.typ
C:\projects\NG4_TIG\NewPendant_NG4_10_21_25A\Temp\Objects\X20CP1585_MIG_HW_PS\PLC1\XMLHelper\XMLHelperGlobal.var
C:\projects\NG4_TIG\NewPendant_NG4_10_21_25A\Temp\Objects\X20CP1585_MIG_HW_PS\PLC1\XMLHelper\XMLHelperGlobal.typ
C:\projects\NG4_TIG\NewPendant_NG4_10_21_25A\Temp\Objects\X20CP1585_MIG_HW_PS\PLC1\BR_DC\BR_DCGlobal.var
C:\projects\NG4_TIG\NewPendant_NG4_10_21_25A\Temp\Objects\X20CP1585_MIG_HW_PS\PLC1\BR_DC\BR_DCGlobal.typ
C:\projects\NG4_TIG\NewPendant_NG4_10_21_25A\Temp\Objects\X20CP1585_MIG_HW_PS\PLC1\AVCprc\AVCprcGlobal.var
C:\projects\NG4_TIG\NewPendant_NG4_10_21_25A\Temp\Objects\X20CP1585_MIG_HW_PS\PLC1\AVCprc\AVCprcGlobal.typ
C:\projects\NG4_TIG\NewPendant_NG4_10_21_25A\Temp\Objects\X20CP1585_MIG_HW_PS\PLC1\OSC_TMLprc\OSC_TMLprcGlobal.var
C:\projects\NG4_TIG\NewPendant_NG4_10_21_25A\Temp\Objects\X20CP1585_MIG_HW_PS\PLC1\OSC_TMLprc\OSC_TMLprcGlobal.typ
C:\projects\NG4_TIG\NewPendant_NG4_10_21_25A\Temp\Objects\X20CP1585_MIG_HW_PS\PLC1\WIREprc\WIREprcGlobal.var
C:\projects\NG4_TIG\NewPendant_NG4_10_21_25A\Temp\Objects\X20CP1585_MIG_HW_PS\PLC1\WIREprc\WIREprcGlobal.typ
C:\projects\NG4_TIG\NewPendant_NG4_10_21_25A\Temp\Objects\X20CP1585_MIG_HW_PS\PLC1\HW_PSprc\HW_PSprcGlobal.var
C:\projects\NG4_TIG\NewPendant_NG4_10_21_25A\Temp\Objects\X20CP1585_MIG_HW_PS\PLC1\HW_PSprc\HW_PSprcGlobal.typ
C:\projects\NG4_TIG\NewPendant_NG4_10_21_25A\Temp\Objects\X20CP1585_MIG_HW_PS\PLC1\GasCoolPrc\GasCoolPrcGlobal.var
C:\projects\NG4_TIG\NewPendant_NG4_10_21_25A\Temp\Objects\X20CP1585_MIG_HW_PS\PLC1\GasCoolPrc\GasCoolPrcGlobal.typ
C:\projects\NG4_TIG\NewPendant_NG4_10_21_25A\Temp\Objects\X20CP1585_MIG_HW_PS\PLC1\WireBlkPrc\WireBlkPrcGlobal.var
C:\projects\NG4_TIG\NewPendant_NG4_10_21_25A\Temp\Objects\X20CP1585_MIG_HW_PS\PLC1\WireBlkPrc\WireBlkPrcGlobal.typ
C:\projects\NG4_TIG\NewPendant_NG4_10_21_25A\Temp\Objects\X20CP1585_MIG_HW_PS\PLC1\IndexPrc\IndexPrcGlobal.var
C:\projects\NG4_TIG\NewPendant_NG4_10_21_25A\Temp\Objects\X20CP1585_MIG_HW_PS\PLC1\IndexPrc\IndexPrcGlobal.typ
C:\projects\NG4_TIG\NewPendant_NG4_10_21_25A\Temp\Objects\X20CP1585_MIG_HW_PS\PLC1\TvlRotPrc\TvlRotPrcGlobal.var
C:\projects\NG4_TIG\NewPendant_NG4_10_21_25A\Temp\Objects\X20CP1585_MIG_HW_PS\PLC1\TvlRotPrc\TvlRotPrcGlobal.typ
C:\projects\NG4_TIG\NewPendant_NG4_10_21_25A\Temp\Objects\X20CP1585_MIG_HW_PS\PLC1\MV\MVGlobal.var
C:\projects\NG4_TIG\NewPendant_NG4_10_21_25A\Temp\Objects\X20CP1585_MIG_HW_PS\PLC1\MV\MVGlobal.typ
C:\projects\NG4_TIG\NewPendant_NG4_10_21_25A\Temp\Objects\X20CP1585_MIG_HW_PS\PLC1\HMI_M\HMI_MGlobal.var
C:\projects\NG4_TIG\NewPendant_NG4_10_21_25A\Temp\Objects\X20CP1585_MIG_HW_PS\PLC1\HMI_M\HMI_MGlobal.typ
C:\projects\NG4_TIG\NewPendant_NG4_10_21_25A\Temp\Objects\X20CP1585_MIG_HW_PS\PLC1\MiscOper\MiscOperGlobal.var
C:\projects\NG4_TIG\NewPendant_NG4_10_21_25A\Temp\Objects\X20CP1585_MIG_HW_PS\PLC1\MiscOper\MiscOperGlobal.typ
C:\projects\NG4_TIG\NewPendant_NG4_10_21_25A\Temp\Objects\X20CP1585_MIG_HW_PS\PLC1\PermSaving\PermSavingGlobal.var
C:\projects\NG4_TIG\NewPendant_NG4_10_21_25A\Temp\Objects\X20CP1585_MIG_HW_PS\PLC1\PermSaving\PermSavingGlobal.typ
C:\projects\NG4_TIG\NewPendant_NG4_10_21_25A\Temp\Objects\X20CP1585_MIG_HW_PS\PLC1\Main2\Main2Global.var
C:\projects\NG4_TIG\NewPendant_NG4_10_21_25A\Temp\Objects\X20CP1585_MIG_HW_PS\PLC1\Main2\Main2Global.typ
C:\projects\NG4_TIG\NewPendant_NG4_10_21_25A\Temp\Objects\X20CP1585_MIG_HW_PS\PLC1\DC2DirMtr\DC2DirMtrGlobal.var
C:\projects\NG4_TIG\NewPendant_NG4_10_21_25A\Temp\Objects\X20CP1585_MIG_HW_PS\PLC1\DC2DirMtr\DC2DirMtrGlobal.typ
C:\projects\NG4_TIG\NewPendant_NG4_10_21_25A\Temp\Objects\X20CP1585_MIG_HW_PS\PLC1\TML_RLY\TML_RLYGlobal.var
C:\projects\NG4_TIG\NewPendant_NG4_10_21_25A\Temp\Objects\X20CP1585_MIG_HW_PS\PLC1\TML_RLY\TML_RLYGlobal.typ
C:\projects\NG4_TIG\NewPendant_NG4_10_21_25A\Temp\Objects\X20CP1585_MIG_HW_PS\PLC1\HMI_Report\HMI_ReportGlobal.var
C:\projects\NG4_TIG\NewPendant_NG4_10_21_25A\Temp\Objects\X20CP1585_MIG_HW_PS\PLC1\HMI_Report\HMI_ReportGlobal.typ
C:\projects\NG4_TIG\NewPendant_NG4_10_21_25A\Temp\Objects\X20CP1585_MIG_HW_PS\PLC1\SuperMstr\SuperMstrGlobal.var
C:\projects\NG4_TIG\NewPendant_NG4_10_21_25A\Temp\Objects\X20CP1585_MIG_HW_PS\PLC1\SuperMstr\SuperMstrGlobal.typ
C:\projects\NG4_TIG\NewPendant_NG4_10_21_25A\Temp\Objects\X20CP1585_MIG_HW_PS\PLC1\FileOper\FileOperGlobal.var
C:\projects\NG4_TIG\NewPendant_NG4_10_21_25A\Temp\Objects\X20CP1585_MIG_HW_PS\PLC1\FileOper\FileOperGlobal.typ
C:\projects\NG4_TIG\NewPendant_NG4_10_21_25A\Temp\Objects\X20CP1585_MIG_HW_PS\PLC1\udpserv\udpservGlobal.var
C:\projects\NG4_TIG\NewPendant_NG4_10_21_25A\Temp\Objects\X20CP1585_MIG_HW_PS\PLC1\udpserv\udpservGlobal.typ
C:\projects\NG4_TIG\NewPendant_NG4_10_21_25A\Temp\Objects\X20CP1585_MIG_HW_PS\PLC1\udpApp\udpAppGlobal.var
C:\projects\NG4_TIG\NewPendant_NG4_10_21_25A\Temp\Objects\X20CP1585_MIG_HW_PS\PLC1\udpApp\udpAppGlobal.typ
C:\projects\NG4_TIG\NewPendant_NG4_10_21_25A\Temp\Objects\X20CP1585_MIG_HW_PS\PLC1\udpclient\udpclientGlobal.var
C:\projects\NG4_TIG\NewPendant_NG4_10_21_25A\Temp\Objects\X20CP1585_MIG_HW_PS\PLC1\udpclient\udpclientGlobal.typ
C:\projects\NG4_TIG\NewPendant_NG4_10_21_25A\Temp\Objects\X20CP1585_MIG_HW_PS\PLC1\udpsimonly\udpsimonlyGlobal.var
C:\projects\NG4_TIG\NewPendant_NG4_10_21_25A\Temp\Objects\X20CP1585_MIG_HW_PS\PLC1\udpsimonly\udpsimonlyGlobal.typ
