<?xml version="1.0" encoding="utf-8"?>
<?AutomationStudio Version="4.12.2.93"?>
<Objects>
  <Object
    Path="C:\projects\UnivCntrl\UniversalController\Logical\Package.pkg"
    LogicalPath=""
    Type="Package.ParentUnknown"
    LastWriteTime="131615214900000000" />
  <Object
    Path="C:\projects\UnivCntrl\UniversalController\Logical\Universal\Package.pkg"
    LogicalPath="Universal"
    Type="Package"
    LastWriteTime="132785610520000000" />
  <Object
    Path="C:\projects\UnivCntrl\UniversalController\Logical\Universal\SuperDefinition.h"
    LogicalPath="Universal.SuperDefinition.h"
    Type="File"
    LastWriteTime="133843799171730623"
    Private="false" />
  <Object
    Path="C:\projects\UnivCntrl\UniversalController\Logical\Universal\SuperDeclaration.h"
    LogicalPath="Universal.SuperDeclaration.h"
    Type="File"
    LastWriteTime="133651053320000000"
    Private="false" />
  <Object
    Path="C:\projects\UnivCntrl\UniversalController\Logical\Universal\SuperMstr\ANSIC.prg"
    LogicalPath="Universal.SuperMstr"
    Type="Program"
    LastWriteTime="131451213940000000" />
  <Object
    Path="C:\projects\UnivCntrl\UniversalController\Logical\Universal\SuperMstr\SuperMaster.c"
    LogicalPath="Universal.SuperMstr.SuperMaster.c"
    Type="File"
    LastWriteTime="133809652800000000"
    Private="false" />
  <Object
    Path="C:\projects\UnivCntrl\UniversalController\Logical\Universal\BR_DC\ANSIC.prg"
    LogicalPath="Universal.BR_DC"
    Type="Program"
    LastWriteTime="131451213940000000" />
  <Object
    Path="C:\projects\UnivCntrl\UniversalController\Logical\Universal\BR_DC\BR_DC.c"
    LogicalPath="Universal.BR_DC.BR_DC.c"
    Type="File"
    LastWriteTime="131989248340000000"
    Private="false" />
  <Object
    Path="C:\projects\UnivCntrl\UniversalController\Logical\Universal\TML_srv\ANSIC.prg"
    LogicalPath="Universal.TML_srv"
    Type="Program"
    LastWriteTime="131451213940000000" />
  <Object
    Path="C:\projects\UnivCntrl\UniversalController\Logical\Universal\TML_srv\TML_srv.c"
    LogicalPath="Universal.TML_srv.TML_srv.c"
    Type="File"
    LastWriteTime="133774415740000000"
    Private="false" />
  <Object
    Path="C:\projects\UnivCntrl\UniversalController\Logical\Universal\FileOper\ANSIC.prg"
    LogicalPath="Universal.FileOper"
    Type="Program"
    LastWriteTime="131451213940000000" />
  <Object
    Path="C:\projects\UnivCntrl\UniversalController\Logical\Universal\FileOper\FileOper.c"
    LogicalPath="Universal.FileOper.FileOper.c"
    Type="File"
    LastWriteTime="132677924880000000"
    Private="false" />
  <Object
    Path="C:\projects\UnivCntrl\UniversalController\Logical\Universal\TIG_PSprc\ANSIC.prg"
    LogicalPath="Universal.TIG_PSprc"
    Type="Program"
    LastWriteTime="131451213940000000" />
  <Object
    Path="C:\projects\UnivCntrl\UniversalController\Logical\Universal\TIG_PSprc\TIG_PS.c"
    LogicalPath="Universal.TIG_PSprc.TIG_PS.c"
    Type="File"
    LastWriteTime="133653708960000000"
    Private="false" />
  <Object
    Path="C:\projects\UnivCntrl\UniversalController\Logical\Universal\AVCprc\ANSIC.prg"
    LogicalPath="Universal.AVCprc"
    Type="Program"
    LastWriteTime="130514079720000000" />
  <Object
    Path="C:\projects\UnivCntrl\UniversalController\Logical\Universal\AVCprc\AVCprc.c"
    LogicalPath="Universal.AVCprc.AVCprc.c"
    Type="File"
    LastWriteTime="133800863480000000"
    Private="false" />
  <Object
    Path="C:\projects\UnivCntrl\UniversalController\Logical\Universal\OSC_TMLprc\ANSIC.prg"
    LogicalPath="Universal.OSC_TMLprc"
    Type="Program"
    LastWriteTime="131451213940000000" />
  <Object
    Path="C:\projects\UnivCntrl\UniversalController\Logical\Universal\OSC_TMLprc\OSCprcTML.c"
    LogicalPath="Universal.OSC_TMLprc.OSCprcTML.c"
    Type="File"
    LastWriteTime="133762495020000000"
    Private="false" />
  <Object
    Path="C:\projects\UnivCntrl\UniversalController\Logical\Universal\GasCoolPrc\ANSIC.prg"
    LogicalPath="Universal.GasCoolPrc"
    Type="Program"
    LastWriteTime="131451213940000000" />
  <Object
    Path="C:\projects\UnivCntrl\UniversalController\Logical\Universal\GasCoolPrc\GasCool.c"
    LogicalPath="Universal.GasCoolPrc.GasCool.c"
    Type="File"
    LastWriteTime="133765892220000000"
    Private="false" />
  <Object
    Path="C:\projects\UnivCntrl\UniversalController\Logical\Universal\HW_PSprc\ANSIC.prg"
    LogicalPath="Universal.HW_PSprc"
    Type="Program"
    LastWriteTime="131451213940000000" />
  <Object
    Path="C:\projects\UnivCntrl\UniversalController\Logical\Universal\HW_PSprc\HW_PS.c"
    LogicalPath="Universal.HW_PSprc.HW_PS.c"
    Type="File"
    LastWriteTime="132504633880000000"
    Private="false" />
  <Object
    Path="C:\projects\UnivCntrl\UniversalController\Logical\Universal\WIREprc\ANSIC.prg"
    LogicalPath="Universal.WIREprc"
    Type="Program"
    LastWriteTime="131451213940000000" />
  <Object
    Path="C:\projects\UnivCntrl\UniversalController\Logical\Universal\WIREprc\Wire.c"
    LogicalPath="Universal.WIREprc.Wire.c"
    Type="File"
    LastWriteTime="133777048400000000"
    Private="false" />
  <Object
    Path="C:\projects\UnivCntrl\UniversalController\Logical\Universal\WireBlkPrc\ANSIC.prg"
    LogicalPath="Universal.WireBlkPrc"
    Type="Program"
    LastWriteTime="131451213940000000" />
  <Object
    Path="C:\projects\UnivCntrl\UniversalController\Logical\Universal\WireBlkPrc\WireBlockPrc.c"
    LogicalPath="Universal.WireBlkPrc.WireBlockPrc.c"
    Type="File"
    LastWriteTime="131542652300000000"
    Private="false" />
  <Object
    Path="C:\projects\UnivCntrl\UniversalController\Logical\Universal\TvlRotPrc\ANSIC.prg"
    LogicalPath="Universal.TvlRotPrc"
    Type="Program"
    LastWriteTime="131451213940000000" />
  <Object
    Path="C:\projects\UnivCntrl\UniversalController\Logical\Universal\TvlRotPrc\TvlRotPrc.c"
    LogicalPath="Universal.TvlRotPrc.TvlRotPrc.c"
    Type="File"
    LastWriteTime="133843653706877714"
    Private="false" />
  <Object
    Path="C:\projects\UnivCntrl\UniversalController\Logical\Universal\ModbusSlave\ANSIC.prg"
    LogicalPath="Universal.ModbusSlave"
    Type="Program"
    LastWriteTime="131451213940000000" />
  <Object
    Path="C:\projects\UnivCntrl\UniversalController\Logical\Universal\ModbusSlave\ModbusSlave.c"
    LogicalPath="Universal.ModbusSlave.ModbusSlave.c"
    Type="File"
    LastWriteTime="131451213940000000"
    Private="false" />
  <Object
    Path="C:\projects\UnivCntrl\UniversalController\Logical\Universal\XMLHelper\ANSIC.prg"
    LogicalPath="Universal.XMLHelper"
    Type="Program"
    LastWriteTime="131451213940000000" />
  <Object
    Path="C:\projects\UnivCntrl\UniversalController\Logical\Universal\XMLHelper\sscanf2.h"
    LogicalPath="Universal.XMLHelper.sscanf2.h"
    Type="File"
    LastWriteTime="131451213940000000"
    Private="false" />
  <Object
    Path="C:\projects\UnivCntrl\UniversalController\Logical\Universal\XMLHelper\XMLHelper.c"
    LogicalPath="Universal.XMLHelper.XMLHelper.c"
    Type="File"
    LastWriteTime="131451213940000000"
    Private="false" />
  <Object
    Path="C:\projects\UnivCntrl\UniversalController\Logical\Universal\XMLHelper\libsscanf2-i386.a"
    LogicalPath="Universal.XMLHelper.libsscanf2-i386.a"
    Type="File"
    LastWriteTime="131451213940000000"
    Private="false" />
  <Object
    Path="C:\projects\UnivCntrl\UniversalController\Logical\Universal\Telnet\ANSIC.prg"
    LogicalPath="Universal.Telnet"
    Type="Program"
    LastWriteTime="131451213940000000" />
  <Object
    Path="C:\projects\UnivCntrl\UniversalController\Logical\Universal\Telnet\Telnet.c"
    LogicalPath="Universal.Telnet.Telnet.c"
    Type="File"
    LastWriteTime="131463144780000000"
    Private="false" />
  <Object
    Path="C:\projects\UnivCntrl\UniversalController\Logical\Universal\Telnet\Types.typ"
    LogicalPath="Universal.Telnet.Types.typ"
    Type="File"
    LastWriteTime="131451213940000000"
    Private="true" />
  <Object
    Path="C:\projects\UnivCntrl\UniversalController\Logical\Universal\Telnet\Variables.var"
    LogicalPath="Universal.Telnet.Variables.var"
    Type="File"
    LastWriteTime="131451213940000000"
    Private="true" />
  <Object
    Path="C:\projects\UnivCntrl\UniversalController\Logical\Universal\ProgrTest\ANSIC.prg"
    LogicalPath="Universal.ProgrTest"
    Type="Program"
    LastWriteTime="131451213940000000" />
  <Object
    Path="C:\projects\UnivCntrl\UniversalController\Logical\Universal\ProgrTest\ProgrTest.c"
    LogicalPath="Universal.ProgrTest.ProgrTest.c"
    Type="File"
    LastWriteTime="131463144780000000"
    Private="false" />
  <Object
    Path="C:\projects\UnivCntrl\UniversalController\Logical\Universal\ProgrTest\Types.typ"
    LogicalPath="Universal.ProgrTest.Types.typ"
    Type="File"
    LastWriteTime="131451213940000000"
    Private="true" />
  <Object
    Path="C:\projects\UnivCntrl\UniversalController\Logical\Universal\ProgrTest\Variables.var"
    LogicalPath="Universal.ProgrTest.Variables.var"
    Type="File"
    LastWriteTime="131451213940000000"
    Private="true" />
  <Object
    Path="C:\projects\UnivCntrl\UniversalController\Logical\Universal\LincolnPS\ANSIC.prg"
    LogicalPath="Universal.LincolnPS"
    Type="Program"
    LastWriteTime="131463144780000000" />
  <Object
    Path="C:\projects\UnivCntrl\UniversalController\Logical\Universal\LincolnPS\LincolnPS.c"
    LogicalPath="Universal.LincolnPS.LincolnPS.c"
    Type="File"
    LastWriteTime="133827759540000000"
    Private="false" />
  <Object
    Path="C:\projects\UnivCntrl\UniversalController\Logical\Universal\IndexPrc\ANSIC.prg"
    LogicalPath="Universal.IndexPrc"
    Type="Program"
    LastWriteTime="131451213940000000" />
  <Object
    Path="C:\projects\UnivCntrl\UniversalController\Logical\Universal\IndexPrc\Index.c"
    LogicalPath="Universal.IndexPrc.Index.c"
    Type="File"
    LastWriteTime="132166091900000000"
    Private="false" />
  <Object
    Path="C:\projects\UnivCntrl\UniversalController\Logical\Universal\IndexPrc\Types.typ"
    LogicalPath="Universal.IndexPrc.Types.typ"
    Type="File"
    LastWriteTime="131451213940000000"
    Private="true" />
  <Object
    Path="C:\projects\UnivCntrl\UniversalController\Logical\Universal\IndexPrc\Variables.var"
    LogicalPath="Universal.IndexPrc.Variables.var"
    Type="File"
    LastWriteTime="131451213940000000"
    Private="true" />
  <Object
    Path="C:\projects\UnivCntrl\UniversalController\Logical\Universal\MiscOper\ANSIC.prg"
    LogicalPath="Universal.MiscOper"
    Type="Program"
    LastWriteTime="131463144780000000" />
  <Object
    Path="C:\projects\UnivCntrl\UniversalController\Logical\Universal\MiscOper\MiscOper.c"
    LogicalPath="Universal.MiscOper.MiscOper.c"
    Type="File"
    LastWriteTime="131482287060000000"
    Private="false" />
  <Object
    Path="C:\projects\UnivCntrl\UniversalController\Logical\Universal\DC2DirMtr\ANSIC.prg"
    LogicalPath="Universal.DC2DirMtr"
    Type="Program"
    LastWriteTime="131542632760000000" />
  <Object
    Path="C:\projects\UnivCntrl\UniversalController\Logical\Universal\DC2DirMtr\DC2DirMtr.c"
    LogicalPath="Universal.DC2DirMtr.DC2DirMtr.c"
    Type="File"
    LastWriteTime="131542810220000000"
    Private="false" />
  <Object
    Path="C:\projects\UnivCntrl\UniversalController\Logical\Universal\DC2DirMtr\Types.typ"
    LogicalPath="Universal.DC2DirMtr.Types.typ"
    Type="File"
    LastWriteTime="131542632160000000"
    Private="true" />
  <Object
    Path="C:\projects\UnivCntrl\UniversalController\Logical\Universal\DC2DirMtr\Variables.var"
    LogicalPath="Universal.DC2DirMtr.Variables.var"
    Type="File"
    LastWriteTime="131542632160000000"
    Private="true" />
  <Object
    Path="C:\projects\UnivCntrl\UniversalController\Logical\Universal\MV\ANSIC.prg"
    LogicalPath="Universal.MV"
    Type="Program"
    LastWriteTime="131583255820000000" />
  <Object
    Path="C:\projects\UnivCntrl\UniversalController\Logical\Universal\MV\MV.c"
    LogicalPath="Universal.MV.MV.c"
    Type="File"
    LastWriteTime="131584330700000000"
    Private="false" />
  <Object
    Path="C:\projects\UnivCntrl\UniversalController\Logical\Universal\WRST\ANSIC.prg"
    LogicalPath="Universal.WRST"
    Type="Program"
    LastWriteTime="131604071640000000" />
  <Object
    Path="C:\projects\UnivCntrl\UniversalController\Logical\Universal\WRST\WRST.c"
    LogicalPath="Universal.WRST.WRST.c"
    Type="File"
    LastWriteTime="133826045600000000"
    Private="false" />
  <Object
    Path="C:\projects\UnivCntrl\UniversalController\Logical\Universal\WRST\Types.typ"
    LogicalPath="Universal.WRST.Types.typ"
    Type="File"
    LastWriteTime="131583498200000000"
    Private="true" />
  <Object
    Path="C:\projects\UnivCntrl\UniversalController\Logical\Universal\WRST\Variables.var"
    LogicalPath="Universal.WRST.Variables.var"
    Type="File"
    LastWriteTime="131583498200000000"
    Private="true" />
  <Object
    Path="C:\projects\UnivCntrl\UniversalController\Logical\Universal\TML_RLY\ANSIC.prg"
    LogicalPath="Universal.TML_RLY"
    Type="Program"
    LastWriteTime="131775141940000000" />
  <Object
    Path="C:\projects\UnivCntrl\UniversalController\Logical\Universal\TML_RLY\TML_Rly.c"
    LogicalPath="Universal.TML_RLY.TML_Rly.c"
    Type="File"
    LastWriteTime="131775247420000000"
    Private="false" />
  <Object
    Path="C:\projects\UnivCntrl\UniversalController\Logical\Universal\TML_RLY\Types.typ"
    LogicalPath="Universal.TML_RLY.Types.typ"
    Type="File"
    LastWriteTime="131775141380000000"
    Private="true" />
  <Object
    Path="C:\projects\UnivCntrl\UniversalController\Logical\Universal\TML_RLY\Variables.var"
    LogicalPath="Universal.TML_RLY.Variables.var"
    Type="File"
    LastWriteTime="131775141380000000"
    Private="true" />
  <Object
    Path="C:\projects\UnivCntrl\UniversalController\Logical\Universal\UDP_Client\ANSIC.prg"
    LogicalPath="Universal.UDP_Client"
    Type="Program"
    LastWriteTime="132785610520000000" />
  <Object
    Path="C:\projects\UnivCntrl\UniversalController\Logical\Universal\UDP_Client\UDP_Client.c"
    LogicalPath="Universal.UDP_Client.UDP_Client.c"
    Type="File"
    LastWriteTime="132787390300000000"
    Private="false" />
  <Object
    Path="C:\projects\UnivCntrl\UniversalController\Logical\Lib\Package.pkg"
    LogicalPath="Lib"
    Type="Package"
    LastWriteTime="131463144780000000" />
  <Object
    Path="C:\projects\UnivCntrl\UniversalController\Logical\Lib\WSI_types.h"
    LogicalPath="Lib.WSI_types.h"
    Type="File"
    LastWriteTime="133774383440000000"
    Private="false" />
  <Object
    Path="C:\projects\UnivCntrl\UniversalController\Logical\Lib\statelib.h"
    LogicalPath="Lib.statelib.h"
    Type="File"
    LastWriteTime="131451213940000000"
    Private="false" />
  <Object
    Path="C:\projects\UnivCntrl\UniversalController\Logical\Lib\complex.c"
    LogicalPath="Lib.complex.c"
    Type="File"
    LastWriteTime="131451213940000000"
    Private="false" />
  <Object
    Path="C:\projects\UnivCntrl\UniversalController\Logical\Lib\complex.h"
    LogicalPath="Lib.complex.h"
    Type="File"
    LastWriteTime="131451213940000000"
    Private="false" />
  <Object
    Path="C:\projects\UnivCntrl\UniversalController\Logical\Lib\DataMgrLib.c"
    LogicalPath="Lib.DataMgrLib.c"
    Type="File"
    LastWriteTime="131451213940000000"
    Private="false" />
  <Object
    Path="C:\projects\UnivCntrl\UniversalController\Logical\Lib\DataMgrLib.h"
    LogicalPath="Lib.DataMgrLib.h"
    Type="File"
    LastWriteTime="131451213940000000"
    Private="false" />
  <Object
    Path="C:\projects\UnivCntrl\UniversalController\Logical\Lib\fileuser.c"
    LogicalPath="Lib.fileuser.c"
    Type="File"
    LastWriteTime="131451213940000000"
    Private="false" />
  <Object
    Path="C:\projects\UnivCntrl\UniversalController\Logical\Lib\fileuser.h"
    LogicalPath="Lib.fileuser.h"
    Type="File"
    LastWriteTime="131451213940000000"
    Private="false" />
  <Object
    Path="C:\projects\UnivCntrl\UniversalController\Logical\Lib\LoggerLib.h"
    LogicalPath="Lib.LoggerLib.h"
    Type="File"
    LastWriteTime="131451213940000000"
    Private="false" />
  <Object
    Path="C:\projects\UnivCntrl\UniversalController\Logical\Lib\LoggerLib.c"
    LogicalPath="Lib.LoggerLib.c"
    Type="File"
    LastWriteTime="132292010120000000"
    Private="false" />
  <Object
    Path="C:\projects\UnivCntrl\UniversalController\Logical\Lib\Plot.h"
    LogicalPath="Lib.Plot.h"
    Type="File"
    LastWriteTime="131451213940000000"
    Private="false" />
  <Object
    Path="C:\projects\UnivCntrl\UniversalController\Logical\Lib\Plot.c"
    LogicalPath="Lib.Plot.c"
    Type="File"
    LastWriteTime="131451213940000000"
    Private="false" />
  <Object
    Path="C:\projects\UnivCntrl\UniversalController\Logical\Lib\matrixlib.c"
    LogicalPath="Lib.matrixlib.c"
    Type="File"
    LastWriteTime="131451213940000000"
    Private="false" />
  <Object
    Path="C:\projects\UnivCntrl\UniversalController\Logical\Lib\matrixlib.h"
    LogicalPath="Lib.matrixlib.h"
    Type="File"
    LastWriteTime="131451213940000000"
    Private="false" />
  <Object
    Path="C:\projects\UnivCntrl\UniversalController\Logical\Lib\statelib.c"
    LogicalPath="Lib.statelib.c"
    Type="File"
    LastWriteTime="131847836040000000"
    Private="false" />
  <Object
    Path="C:\projects\UnivCntrl\UniversalController\Logical\Lib\xstring.c"
    LogicalPath="Lib.xstring.c"
    Type="File"
    LastWriteTime="131451213940000000"
    Private="false" />
  <Object
    Path="C:\projects\UnivCntrl\UniversalController\Logical\Lib\xstring.h"
    LogicalPath="Lib.xstring.h"
    Type="File"
    LastWriteTime="131451213940000000"
    Private="false" />
  <Object
    Path="C:\projects\UnivCntrl\UniversalController\Logical\Lib\kinematicLib.c"
    LogicalPath="Lib.kinematicLib.c"
    Type="File"
    LastWriteTime="131451213940000000"
    Private="false" />
  <Object
    Path="C:\projects\UnivCntrl\UniversalController\Logical\Lib\kinematicLib.h"
    LogicalPath="Lib.kinematicLib.h"
    Type="File"
    LastWriteTime="131451213940000000"
    Private="false" />
  <Object
    Path="C:\projects\UnivCntrl\UniversalController\Logical\Lib\LCDLib.c"
    LogicalPath="Lib.LCDLib.c"
    Type="File"
    LastWriteTime="131604900540000000"
    Private="false" />
  <Object
    Path="C:\projects\UnivCntrl\UniversalController\Logical\Lib\WSI_lib.c"
    LogicalPath="Lib.WSI_lib.c"
    Type="File"
    LastWriteTime="132184132340000000"
    Private="false" />
  <Object
    Path="C:\projects\UnivCntrl\UniversalController\Logical\Lib\utilityLib\Package.pkg"
    LogicalPath="Lib.utilityLib"
    Type="Package"
    LastWriteTime="131451213940000000" />
  <Object
    Path="C:\projects\UnivCntrl\UniversalController\Logical\Lib\utilityLib\bgdebug.h"
    LogicalPath="Lib.utilityLib.bgdebug.h"
    Type="File"
    LastWriteTime="131464024440000000"
    Private="false" />
  <Object
    Path="C:\projects\UnivCntrl\UniversalController\Logical\Lib\utilityLib\bgringbuffer.c"
    LogicalPath="Lib.utilityLib.bgringbuffer.c"
    Type="File"
    LastWriteTime="131451213940000000"
    Private="false" />
  <Object
    Path="C:\projects\UnivCntrl\UniversalController\Logical\Lib\utilityLib\bgringbuffer.h"
    LogicalPath="Lib.utilityLib.bgringbuffer.h"
    Type="File"
    LastWriteTime="131451213940000000"
    Private="false" />
  <Object
    Path="C:\projects\UnivCntrl\UniversalController\Logical\Lib\utilityLib\bgsprintf.c"
    LogicalPath="Lib.utilityLib.bgsprintf.c"
    Type="File"
    LastWriteTime="131451213940000000"
    Private="false" />
  <Object
    Path="C:\projects\UnivCntrl\UniversalController\Logical\Lib\utilityLib\bgsprintf.h"
    LogicalPath="Lib.utilityLib.bgsprintf.h"
    Type="File"
    LastWriteTime="131451213940000000"
    Private="false" />
  <Object
    Path="C:\projects\UnivCntrl\UniversalController\Logical\Lib\utilityLib\bgstring.c"
    LogicalPath="Lib.utilityLib.bgstring.c"
    Type="File"
    LastWriteTime="131451213940000000"
    Private="false" />
  <Object
    Path="C:\projects\UnivCntrl\UniversalController\Logical\Lib\utilityLib\bgstring.h"
    LogicalPath="Lib.utilityLib.bgstring.h"
    Type="File"
    LastWriteTime="131451213940000000"
    Private="false" />
  <Object
    Path="C:\projects\UnivCntrl\UniversalController\Logical\Lib\utilityLib\libRingBuffer.c"
    LogicalPath="Lib.utilityLib.libRingBuffer.c"
    Type="File"
    LastWriteTime="131451213940000000"
    Private="false" />
  <Object
    Path="C:\projects\UnivCntrl\UniversalController\Logical\Lib\utilityLib\libRingBuffer.h"
    LogicalPath="Lib.utilityLib.libRingBuffer.h"
    Type="File"
    LastWriteTime="131451213940000000"
    Private="false" />
  <Object
    Path="C:\projects\UnivCntrl\UniversalController\Logical\Lib\arclink\Package.pkg"
    LogicalPath="Lib.arclink"
    Type="Package"
    LastWriteTime="131451213940000000" />
  <Object
    Path="C:\projects\UnivCntrl\UniversalController\Logical\Lib\arclink\NetworkAttribute.h"
    LogicalPath="Lib.arclink.NetworkAttribute.h"
    Type="File"
    LastWriteTime="132761318580000000"
    Private="false" />
  <Object
    Path="C:\projects\UnivCntrl\UniversalController\Logical\Lib\arclink\WeldController.h"
    LogicalPath="Lib.arclink.WeldController.h"
    Type="File"
    LastWriteTime="133741572020000000"
    Private="false" />
  <Object
    Path="C:\projects\UnivCntrl\UniversalController\Logical\Lib\arclink\NetworkBlocks.h"
    LogicalPath="Lib.arclink.NetworkBlocks.h"
    Type="File"
    LastWriteTime="131451213940000000"
    Private="false" />
  <Object
    Path="C:\projects\UnivCntrl\UniversalController\Logical\Lib\arclink\Handler.h"
    LogicalPath="Lib.arclink.Handler.h"
    Type="File"
    LastWriteTime="133765891880000000"
    Private="false" />
  <Object
    Path="C:\projects\UnivCntrl\UniversalController\Logical\Lib\arclink\ArcLinkObject.h"
    LogicalPath="Lib.arclink.ArcLinkObject.h"
    Type="File"
    LastWriteTime="131451213940000000"
    Private="false" />
  <Object
    Path="C:\projects\UnivCntrl\UniversalController\Logical\Lib\arclink\ArcLinkMap.h"
    LogicalPath="Lib.arclink.ArcLinkMap.h"
    Type="File"
    LastWriteTime="131451213940000000"
    Private="false" />
  <Object
    Path="C:\projects\UnivCntrl\UniversalController\Logical\Lib\arclink\Attribute.h"
    LogicalPath="Lib.arclink.Attribute.h"
    Type="File"
    LastWriteTime="131451213940000000"
    Private="false" />
  <Object
    Path="C:\projects\UnivCntrl\UniversalController\Logical\Lib\arclink\ArcLink.h"
    LogicalPath="Lib.arclink.ArcLink.h"
    Type="File"
    LastWriteTime="133765066540000000"
    Private="false" />
  <Object
    Path="C:\projects\UnivCntrl\UniversalController\Logical\Lib\arclink\MessageBuilder.c"
    LogicalPath="Lib.arclink.MessageBuilder.c"
    Type="File"
    LastWriteTime="131451213940000000"
    Private="false" />
  <Object
    Path="C:\projects\UnivCntrl\UniversalController\Logical\Lib\arclink\ArcLinkMap.c"
    LogicalPath="Lib.arclink.ArcLinkMap.c"
    Type="File"
    LastWriteTime="131451213940000000"
    Private="false" />
  <Object
    Path="C:\projects\UnivCntrl\UniversalController\Logical\Lib\arclink\ArcLink.c"
    LogicalPath="Lib.arclink.ArcLink.c"
    Type="File"
    LastWriteTime="132767308240000000"
    Private="false" />
  <Object
    Path="C:\projects\UnivCntrl\UniversalController\Logical\Lib\arclink\Handler.c"
    LogicalPath="Lib.arclink.Handler.c"
    Type="File"
    LastWriteTime="133765891880000000"
    Private="false" />
  <Object
    Path="C:\projects\UnivCntrl\UniversalController\Logical\Lib\arclink\IncomingHandler.c"
    LogicalPath="Lib.arclink.IncomingHandler.c"
    Type="File"
    LastWriteTime="131451213940000000"
    Private="false" />
  <Object
    Path="C:\projects\UnivCntrl\UniversalController\Logical\Lib\arclink\NetworkActions.h"
    LogicalPath="Lib.arclink.NetworkActions.h"
    Type="File"
    LastWriteTime="131451213940000000"
    Private="false" />
  <Object
    Path="C:\projects\UnivCntrl\UniversalController\Logical\Lib\arclink\WeldController.c"
    LogicalPath="Lib.arclink.WeldController.c"
    Type="File"
    LastWriteTime="131451213940000000"
    Private="false" />
  <Object
    Path="C:\projects\UnivCntrl\UniversalController\Logical\Lib\arclink\ArcLinkUtility.c"
    LogicalPath="Lib.arclink.ArcLinkUtility.c"
    Type="File"
    LastWriteTime="131451213940000000"
    Private="false" />
  <Object
    Path="C:\projects\UnivCntrl\UniversalController\Logical\Lib\arclink\Robot.h"
    LogicalPath="Lib.arclink.Robot.h"
    Type="File"
    LastWriteTime="133741572020000000"
    Private="false" />
  <Object
    Path="C:\projects\UnivCntrl\UniversalController\Logical\Lib\arclink\Robot.c"
    LogicalPath="Lib.arclink.Robot.c"
    Type="File"
    LastWriteTime="133765893300000000"
    Private="false" />
  <Object
    Path="C:\projects\UnivCntrl\UniversalController\Logical\Lib\libUDP\Package.pkg"
    LogicalPath="Lib.libUDP"
    Type="Package"
    LastWriteTime="131451213940000000" />
  <Object
    Path="C:\projects\UnivCntrl\UniversalController\Logical\Lib\libUDP\libUDP.c"
    LogicalPath="Lib.libUDP.libUDP.c"
    Type="File"
    LastWriteTime="131463144780000000"
    Private="false" />
  <Object
    Path="C:\projects\UnivCntrl\UniversalController\Logical\Lib\libUDP\libUDP.h"
    LogicalPath="Lib.libUDP.libUDP.h"
    Type="File"
    LastWriteTime="131451213940000000"
    Private="false" />
  <Object
    Path="C:\projects\UnivCntrl\UniversalController\Logical\Lib\libParser\Package.pkg"
    LogicalPath="Lib.libParser"
    Type="Package"
    LastWriteTime="131463144780000000" />
  <Object
    Path="C:\projects\UnivCntrl\UniversalController\Logical\Lib\libParser\libParser.c"
    LogicalPath="Lib.libParser.libParser.c"
    Type="File"
    LastWriteTime="131862435080000000"
    Private="false" />
  <Object
    Path="C:\projects\UnivCntrl\UniversalController\Logical\Lib\libParser\libParser.h"
    LogicalPath="Lib.libParser.libParser.h"
    Type="File"
    LastWriteTime="131463144780000000"
    Private="false" />
  <Object
    Path="C:\projects\UnivCntrl\UniversalController\Logical\Libraries\Package.pkg"
    LogicalPath="Libraries"
    Type="Package"
    LastWriteTime="133765724760000000" />
  <Object
    Path="C:\projects\UnivCntrl\UniversalController\Logical\Libraries\brsystem\Binary.lby"
    LogicalPath="Libraries.brsystem"
    Type="Library"
    LastWriteTime="131451213940000000" />
  <Object
    Path="C:\projects\UnivCntrl\UniversalController\Logical\Libraries\brsystem\brsystem.var"
    LogicalPath="Libraries.brsystem.brsystem.var"
    Type="File"
    LastWriteTime="131451213940000000"
    Private="false" />
  <Object
    Path="C:\projects\UnivCntrl\UniversalController\Logical\Libraries\brsystem\brsystem.fun"
    LogicalPath="Libraries.brsystem.brsystem.fun"
    Type="File"
    LastWriteTime="131451213940000000"
    Private="false" />
  <Object
    Path="C:\projects\UnivCntrl\UniversalController\Logical\Libraries\Operator\Binary.lby"
    LogicalPath="Libraries.Operator"
    Type="Library"
    LastWriteTime="131451213940000000" />
  <Object
    Path="C:\projects\UnivCntrl\UniversalController\Logical\Libraries\Operator\operator.fun"
    LogicalPath="Libraries.Operator.operator.fun"
    Type="File"
    LastWriteTime="131451213940000000"
    Private="false" />
  <Object
    Path="C:\projects\UnivCntrl\UniversalController\Logical\Libraries\Runtime\Binary.lby"
    LogicalPath="Libraries.Runtime"
    Type="Library"
    LastWriteTime="131451213940000000" />
  <Object
    Path="C:\projects\UnivCntrl\UniversalController\Logical\Libraries\Runtime\runtime.var"
    LogicalPath="Libraries.Runtime.runtime.var"
    Type="File"
    LastWriteTime="131451213940000000"
    Private="false" />
  <Object
    Path="C:\projects\UnivCntrl\UniversalController\Logical\Libraries\Runtime\runtime.typ"
    LogicalPath="Libraries.Runtime.runtime.typ"
    Type="File"
    LastWriteTime="131451213940000000"
    Private="false" />
  <Object
    Path="C:\projects\UnivCntrl\UniversalController\Logical\Libraries\Runtime\runtime.fun"
    LogicalPath="Libraries.Runtime.runtime.fun"
    Type="File"
    LastWriteTime="131451213940000000"
    Private="false" />
  <Object
    Path="C:\projects\UnivCntrl\UniversalController\Logical\Libraries\AsTime\Binary.lby"
    LogicalPath="Libraries.AsTime"
    Type="Library"
    LastWriteTime="131451213940000000" />
  <Object
    Path="C:\projects\UnivCntrl\UniversalController\Logical\Libraries\AsTime\astime.var"
    LogicalPath="Libraries.AsTime.astime.var"
    Type="File"
    LastWriteTime="131451213940000000"
    Private="false" />
  <Object
    Path="C:\projects\UnivCntrl\UniversalController\Logical\Libraries\AsTime\astime.typ"
    LogicalPath="Libraries.AsTime.astime.typ"
    Type="File"
    LastWriteTime="131451213940000000"
    Private="false" />
  <Object
    Path="C:\projects\UnivCntrl\UniversalController\Logical\Libraries\AsTime\astime.fun"
    LogicalPath="Libraries.AsTime.astime.fun"
    Type="File"
    LastWriteTime="131451213940000000"
    Private="false" />
  <Object
    Path="C:\projects\UnivCntrl\UniversalController\Logical\Libraries\sys_lib\Binary.lby"
    LogicalPath="Libraries.sys_lib"
    Type="Library"
    LastWriteTime="131451213940000000" />
  <Object
    Path="C:\projects\UnivCntrl\UniversalController\Logical\Libraries\sys_lib\sys_lib.var"
    LogicalPath="Libraries.sys_lib.sys_lib.var"
    Type="File"
    LastWriteTime="131451213940000000"
    Private="false" />
  <Object
    Path="C:\projects\UnivCntrl\UniversalController\Logical\Libraries\sys_lib\sys_lib.typ"
    LogicalPath="Libraries.sys_lib.sys_lib.typ"
    Type="File"
    LastWriteTime="131451213940000000"
    Private="false" />
  <Object
    Path="C:\projects\UnivCntrl\UniversalController\Logical\Libraries\sys_lib\sys_lib.fun"
    LogicalPath="Libraries.sys_lib.sys_lib.fun"
    Type="File"
    LastWriteTime="131451213940000000"
    Private="false" />
  <Object
    Path="C:\projects\UnivCntrl\UniversalController\Logical\Libraries\Ethernet\Binary.lby"
    LogicalPath="Libraries.Ethernet"
    Type="Library"
    LastWriteTime="131451213940000000" />
  <Object
    Path="C:\projects\UnivCntrl\UniversalController\Logical\Libraries\Ethernet\Ethernet.typ"
    LogicalPath="Libraries.Ethernet.Ethernet.typ"
    Type="File"
    LastWriteTime="131451213940000000"
    Private="false" />
  <Object
    Path="C:\projects\UnivCntrl\UniversalController\Logical\Libraries\Ethernet\Ethernet.fun"
    LogicalPath="Libraries.Ethernet.Ethernet.fun"
    Type="File"
    LastWriteTime="131451213940000000"
    Private="false" />
  <Object
    Path="C:\projects\UnivCntrl\UniversalController\Logical\Libraries\Ethernet\Ethernet.var"
    LogicalPath="Libraries.Ethernet.Ethernet.var"
    Type="File"
    LastWriteTime="131451213940000000"
    Private="false" />
  <Object
    Path="C:\projects\UnivCntrl\UniversalController\Logical\Libraries\Visapi\Binary.lby"
    LogicalPath="Libraries.Visapi"
    Type="Library"
    LastWriteTime="131451213940000000" />
  <Object
    Path="C:\projects\UnivCntrl\UniversalController\Logical\Libraries\Visapi\Visapi.typ"
    LogicalPath="Libraries.Visapi.Visapi.typ"
    Type="File"
    LastWriteTime="131451213940000000"
    Private="false" />
  <Object
    Path="C:\projects\UnivCntrl\UniversalController\Logical\Libraries\Visapi\Visapi.fun"
    LogicalPath="Libraries.Visapi.Visapi.fun"
    Type="File"
    LastWriteTime="131451213940000000"
    Private="false" />
  <Object
    Path="C:\projects\UnivCntrl\UniversalController\Logical\Libraries\Visapi\Visapi.var"
    LogicalPath="Libraries.Visapi.Visapi.var"
    Type="File"
    LastWriteTime="131451213940000000"
    Private="false" />
  <Object
    Path="C:\projects\UnivCntrl\UniversalController\Logical\Libraries\AsRfbExt\Binary.lby"
    LogicalPath="Libraries.AsRfbExt"
    Type="Library"
    LastWriteTime="131451213940000000" />
  <Object
    Path="C:\projects\UnivCntrl\UniversalController\Logical\Libraries\AsRfbExt\asrfbext.typ"
    LogicalPath="Libraries.AsRfbExt.asrfbext.typ"
    Type="File"
    LastWriteTime="131451213940000000"
    Private="false" />
  <Object
    Path="C:\projects\UnivCntrl\UniversalController\Logical\Libraries\AsRfbExt\asrfbext.fun"
    LogicalPath="Libraries.AsRfbExt.asrfbext.fun"
    Type="File"
    LastWriteTime="131451213940000000"
    Private="false" />
  <Object
    Path="C:\projects\UnivCntrl\UniversalController\Logical\Libraries\dvframe\Binary.lby"
    LogicalPath="Libraries.dvframe"
    Type="Library"
    LastWriteTime="131451213940000000" />
  <Object
    Path="C:\projects\UnivCntrl\UniversalController\Logical\Libraries\dvframe\dvframe.var"
    LogicalPath="Libraries.dvframe.dvframe.var"
    Type="File"
    LastWriteTime="131451213940000000"
    Private="false" />
  <Object
    Path="C:\projects\UnivCntrl\UniversalController\Logical\Libraries\dvframe\dvframe.typ"
    LogicalPath="Libraries.dvframe.dvframe.typ"
    Type="File"
    LastWriteTime="131451213940000000"
    Private="false" />
  <Object
    Path="C:\projects\UnivCntrl\UniversalController\Logical\Libraries\dvframe\dvframe.fun"
    LogicalPath="Libraries.dvframe.dvframe.fun"
    Type="File"
    LastWriteTime="131451213940000000"
    Private="false" />
  <Object
    Path="C:\projects\UnivCntrl\UniversalController\Logical\Libraries\AsTCP\Binary.lby"
    LogicalPath="Libraries.AsTCP"
    Type="Library"
    LastWriteTime="131451213940000000" />
  <Object
    Path="C:\projects\UnivCntrl\UniversalController\Logical\Libraries\AsTCP\AsTCP.var"
    LogicalPath="Libraries.AsTCP.AsTCP.var"
    Type="File"
    LastWriteTime="131451213940000000"
    Private="false" />
  <Object
    Path="C:\projects\UnivCntrl\UniversalController\Logical\Libraries\AsTCP\AsTCP.typ"
    LogicalPath="Libraries.AsTCP.AsTCP.typ"
    Type="File"
    LastWriteTime="131451213940000000"
    Private="false" />
  <Object
    Path="C:\projects\UnivCntrl\UniversalController\Logical\Libraries\AsTCP\AsTCP.fun"
    LogicalPath="Libraries.AsTCP.AsTCP.fun"
    Type="File"
    LastWriteTime="131451213940000000"
    Private="false" />
  <Object
    Path="C:\projects\UnivCntrl\UniversalController\Logical\Libraries\FileIO\Binary.lby"
    LogicalPath="Libraries.FileIO"
    Type="Library"
    LastWriteTime="131451213940000000" />
  <Object
    Path="C:\projects\UnivCntrl\UniversalController\Logical\Libraries\FileIO\FileIO.var"
    LogicalPath="Libraries.FileIO.FileIO.var"
    Type="File"
    LastWriteTime="131451213940000000"
    Private="false" />
  <Object
    Path="C:\projects\UnivCntrl\UniversalController\Logical\Libraries\FileIO\FileIO.typ"
    LogicalPath="Libraries.FileIO.FileIO.typ"
    Type="File"
    LastWriteTime="131451213940000000"
    Private="false" />
  <Object
    Path="C:\projects\UnivCntrl\UniversalController\Logical\Libraries\FileIO\FileIO.fun"
    LogicalPath="Libraries.FileIO.FileIO.fun"
    Type="File"
    LastWriteTime="131451213940000000"
    Private="false" />
  <Object
    Path="C:\projects\UnivCntrl\UniversalController\Logical\Libraries\AsARCfg\Binary.lby"
    LogicalPath="Libraries.AsARCfg"
    Type="Library"
    LastWriteTime="131451213940000000" />
  <Object
    Path="C:\projects\UnivCntrl\UniversalController\Logical\Libraries\AsARCfg\AsARCfg.var"
    LogicalPath="Libraries.AsARCfg.AsARCfg.var"
    Type="File"
    LastWriteTime="131451213940000000"
    Private="false" />
  <Object
    Path="C:\projects\UnivCntrl\UniversalController\Logical\Libraries\AsARCfg\AsARCfg.typ"
    LogicalPath="Libraries.AsARCfg.AsARCfg.typ"
    Type="File"
    LastWriteTime="131451213940000000"
    Private="false" />
  <Object
    Path="C:\projects\UnivCntrl\UniversalController\Logical\Libraries\AsARCfg\AsARCfg.fun"
    LogicalPath="Libraries.AsARCfg.AsARCfg.fun"
    Type="File"
    LastWriteTime="131451213940000000"
    Private="false" />
  <Object
    Path="C:\projects\UnivCntrl\UniversalController\Logical\Libraries\AsUDP\Binary.lby"
    LogicalPath="Libraries.AsUDP"
    Type="Library"
    LastWriteTime="131451213940000000" />
  <Object
    Path="C:\projects\UnivCntrl\UniversalController\Logical\Libraries\AsUDP\AsUDP.var"
    LogicalPath="Libraries.AsUDP.AsUDP.var"
    Type="File"
    LastWriteTime="131451213940000000"
    Private="false" />
  <Object
    Path="C:\projects\UnivCntrl\UniversalController\Logical\Libraries\AsUDP\AsUDP.typ"
    LogicalPath="Libraries.AsUDP.AsUDP.typ"
    Type="File"
    LastWriteTime="131451213940000000"
    Private="false" />
  <Object
    Path="C:\projects\UnivCntrl\UniversalController\Logical\Libraries\AsUDP\AsUDP.fun"
    LogicalPath="Libraries.AsUDP.AsUDP.fun"
    Type="File"
    LastWriteTime="131451213940000000"
    Private="false" />
  <Object
    Path="C:\projects\UnivCntrl\UniversalController\Logical\Libraries\DataObj\Binary.lby"
    LogicalPath="Libraries.DataObj"
    Type="Library"
    LastWriteTime="131451213940000000" />
  <Object
    Path="C:\projects\UnivCntrl\UniversalController\Logical\Libraries\DataObj\DataObj.var"
    LogicalPath="Libraries.DataObj.DataObj.var"
    Type="File"
    LastWriteTime="131451213940000000"
    Private="false" />
  <Object
    Path="C:\projects\UnivCntrl\UniversalController\Logical\Libraries\DataObj\DataObj.typ"
    LogicalPath="Libraries.DataObj.DataObj.typ"
    Type="File"
    LastWriteTime="131451213940000000"
    Private="false" />
  <Object
    Path="C:\projects\UnivCntrl\UniversalController\Logical\Libraries\DataObj\DataObj.fun"
    LogicalPath="Libraries.DataObj.DataObj.fun"
    Type="File"
    LastWriteTime="131451213940000000"
    Private="false" />
  <Object
    Path="C:\projects\UnivCntrl\UniversalController\Logical\Libraries\AsBrMath\Binary.lby"
    LogicalPath="Libraries.AsBrMath"
    Type="Library"
    LastWriteTime="131451213940000000" />
  <Object
    Path="C:\projects\UnivCntrl\UniversalController\Logical\Libraries\AsBrMath\AsBrMath.var"
    LogicalPath="Libraries.AsBrMath.AsBrMath.var"
    Type="File"
    LastWriteTime="131451213940000000"
    Private="false" />
  <Object
    Path="C:\projects\UnivCntrl\UniversalController\Logical\Libraries\AsBrMath\AsBrMath.fun"
    LogicalPath="Libraries.AsBrMath.AsBrMath.fun"
    Type="File"
    LastWriteTime="131451213940000000"
    Private="false" />
  <Object
    Path="C:\projects\UnivCntrl\UniversalController\Logical\Libraries\standard\Binary.lby"
    LogicalPath="Libraries.standard"
    Type="Library"
    LastWriteTime="131451213940000000" />
  <Object
    Path="C:\projects\UnivCntrl\UniversalController\Logical\Libraries\standard\standard.fun"
    LogicalPath="Libraries.standard.standard.fun"
    Type="File"
    LastWriteTime="131451213940000000"
    Private="false" />
  <Object
    Path="C:\projects\UnivCntrl\UniversalController\Logical\Libraries\AsIecCon\Binary.lby"
    LogicalPath="Libraries.AsIecCon"
    Type="Library"
    LastWriteTime="131451213940000000" />
  <Object
    Path="C:\projects\UnivCntrl\UniversalController\Logical\Libraries\AsIecCon\AsIecCon.fun"
    LogicalPath="Libraries.AsIecCon.AsIecCon.fun"
    Type="File"
    LastWriteTime="131451213940000000"
    Private="false" />
  <Object
    Path="C:\projects\UnivCntrl\UniversalController\Logical\Libraries\AsIOTime\Binary.lby"
    LogicalPath="Libraries.AsIOTime"
    Type="Library"
    LastWriteTime="131451213940000000" />
  <Object
    Path="C:\projects\UnivCntrl\UniversalController\Logical\Libraries\AsIOTime\AsIOTime.fun"
    LogicalPath="Libraries.AsIOTime.AsIOTime.fun"
    Type="File"
    LastWriteTime="131451213940000000"
    Private="false" />
  <Object
    Path="C:\projects\UnivCntrl\UniversalController\Logical\Libraries\bglibas\ANSIC.lby"
    LogicalPath="Libraries.bglibas"
    Type="Library"
    LastWriteTime="131451213940000000" />
  <Object
    Path="C:\projects\UnivCntrl\UniversalController\Logical\Libraries\bglibas\bglibas.typ"
    LogicalPath="Libraries.bglibas.bglibas.typ"
    Type="File"
    LastWriteTime="131451213940000000"
    Private="false" />
  <Object
    Path="C:\projects\UnivCntrl\UniversalController\Logical\Libraries\bglibas\bglibas.var"
    LogicalPath="Libraries.bglibas.bglibas.var"
    Type="File"
    LastWriteTime="131451213940000000"
    Private="false" />
  <Object
    Path="C:\projects\UnivCntrl\UniversalController\Logical\Libraries\bglibas\bglibas.fun"
    LogicalPath="Libraries.bglibas.bglibas.fun"
    Type="File"
    LastWriteTime="131451213940000000"
    Private="false" />
  <Object
    Path="C:\projects\UnivCntrl\UniversalController\Logical\Libraries\bglibas\bgssm.c"
    LogicalPath="Libraries.bglibas.bgssm.c"
    Type="File"
    LastWriteTime="131451213940000000"
    Private="false" />
  <Object
    Path="C:\projects\UnivCntrl\UniversalController\Logical\Libraries\bglibas\bgfifo.c"
    LogicalPath="Libraries.bglibas.bgfifo.c"
    Type="File"
    LastWriteTime="131451213940000000"
    Private="false" />
  <Object
    Path="C:\projects\UnivCntrl\UniversalController\Logical\Libraries\bglibas\bgTimer1ms.c"
    LogicalPath="Libraries.bglibas.bgTimer1ms.c"
    Type="File"
    LastWriteTime="131451213940000000"
    Private="false" />
  <Object
    Path="C:\projects\UnivCntrl\UniversalController\Logical\Libraries\asstring\Binary.lby"
    LogicalPath="Libraries.asstring"
    Type="Library"
    LastWriteTime="131451213940000000" />
  <Object
    Path="C:\projects\UnivCntrl\UniversalController\Logical\Libraries\asstring\asstring.fun"
    LogicalPath="Libraries.asstring.asstring.fun"
    Type="File"
    LastWriteTime="131451213940000000"
    Private="false" />
  <Object
    Path="C:\projects\UnivCntrl\UniversalController\Logical\Libraries\AsXml\Binary.lby"
    LogicalPath="Libraries.AsXml"
    Type="Library"
    LastWriteTime="131451213940000000" />
  <Object
    Path="C:\projects\UnivCntrl\UniversalController\Logical\Libraries\AsXml\AsXml.var"
    LogicalPath="Libraries.AsXml.AsXml.var"
    Type="File"
    LastWriteTime="131451213940000000"
    Private="false" />
  <Object
    Path="C:\projects\UnivCntrl\UniversalController\Logical\Libraries\AsXml\AsXml.typ"
    LogicalPath="Libraries.AsXml.AsXml.typ"
    Type="File"
    LastWriteTime="131451213940000000"
    Private="false" />
  <Object
    Path="C:\projects\UnivCntrl\UniversalController\Logical\Libraries\AsXml\AsXml.fun"
    LogicalPath="Libraries.AsXml.AsXml.fun"
    Type="File"
    LastWriteTime="131451213940000000"
    Private="false" />
  <Object
    Path="C:\projects\UnivCntrl\UniversalController\Logical\Libraries\sprintf2\ANSIC.lby"
    LogicalPath="Libraries.sprintf2"
    Type="Library"
    LastWriteTime="131451213940000000" />
  <Object
    Path="C:\projects\UnivCntrl\UniversalController\Logical\Libraries\sprintf2\cvtflasc.c"
    LogicalPath="Libraries.sprintf2.cvtflasc.c"
    Type="File"
    LastWriteTime="131451213940000000"
    Private="false" />
  <Object
    Path="C:\projects\UnivCntrl\UniversalController\Logical\Libraries\sprintf2\ofmt.c"
    LogicalPath="Libraries.sprintf2.ofmt.c"
    Type="File"
    LastWriteTime="131451213940000000"
    Private="false" />
  <Object
    Path="C:\projects\UnivCntrl\UniversalController\Logical\Libraries\sprintf2\sprintf.c"
    LogicalPath="Libraries.sprintf2.sprintf.c"
    Type="File"
    LastWriteTime="131451213940000000"
    Private="false" />
  <Object
    Path="C:\projects\UnivCntrl\UniversalController\Logical\Libraries\sprintf2\sprintf2.h"
    LogicalPath="Libraries.sprintf2.sprintf2.h"
    Type="File"
    LastWriteTime="131451213940000000"
    Private="false" />
  <Object
    Path="C:\projects\UnivCntrl\UniversalController\Logical\Libraries\Library\ANSIC.lby"
    LogicalPath="Libraries.Library"
    Type="Library"
    LastWriteTime="132689098040000000" />
  <Object
    Path="C:\projects\UnivCntrl\UniversalController\Logical\Libraries\Acp10man\Binary.lby"
    LogicalPath="Libraries.Acp10man"
    Type="Library"
    LastWriteTime="133765724760000000" />
  <Object
    Path="C:\projects\UnivCntrl\UniversalController\Logical\Libraries\Acp10man\Acp10man.typ"
    LogicalPath="Libraries.Acp10man.Acp10man.typ"
    Type="File"
    LastWriteTime="133765724760000000"
    Private="false" />
  <Object
    Path="C:\projects\UnivCntrl\UniversalController\Logical\Libraries\Acp10par\Binary.lby"
    LogicalPath="Libraries.Acp10par"
    Type="Library"
    LastWriteTime="133765724760000000" />
  <Object
    Path="C:\projects\UnivCntrl\UniversalController\Logical\Libraries\Acp10par\Acp10par.var"
    LogicalPath="Libraries.Acp10par.Acp10par.var"
    Type="File"
    LastWriteTime="133765724760000000"
    Private="false" />
  <Object
    Path="C:\projects\UnivCntrl\UniversalController\Logical\Libraries\NcGlobal\Binary.lby"
    LogicalPath="Libraries.NcGlobal"
    Type="Library"
    LastWriteTime="133765724760000000" />
  <Object
    Path="C:\projects\UnivCntrl\UniversalController\Logical\Libraries\NcGlobal\NcGlobal.fun"
    LogicalPath="Libraries.NcGlobal.NcGlobal.fun"
    Type="File"
    LastWriteTime="133765724760000000"
    Private="false" />
  <Object
    Path="C:\projects\UnivCntrl\UniversalController\Logical\Libraries\NcGlobal\NcGlobal.typ"
    LogicalPath="Libraries.NcGlobal.NcGlobal.typ"
    Type="File"
    LastWriteTime="133765724760000000"
    Private="false" />
  <Object
    Path="C:\projects\UnivCntrl\UniversalController\Logical\Libraries\NcGlobal\NcGlobal.var"
    LogicalPath="Libraries.NcGlobal.NcGlobal.var"
    Type="File"
    LastWriteTime="133765724760000000"
    Private="false" />
  <Object
    Path="C:\projects\UnivCntrl\UniversalController\Logical\HotWire\Package.pkg"
    LogicalPath="HotWire"
    Type="Package"
    LastWriteTime="131451213940000000" />
  <Object
    Path="C:\projects\UnivCntrl\UniversalController\Logical\HotWire\GlobDef.h"
    LogicalPath="HotWire.GlobDef.h"
    Type="File"
    LastWriteTime="131989212420000000"
    Private="false" />
  <Object
    Path="C:\projects\UnivCntrl\UniversalController\Logical\HotWire\GlobDecl.h"
    LogicalPath="HotWire.GlobDecl.h"
    Type="File"
    LastWriteTime="132678017080000000"
    Private="false" />
  <Object
    Path="C:\projects\UnivCntrl\UniversalController\Logical\HotWire\_Menu\ANSIC.prg"
    LogicalPath="HotWire._Menu"
    Type="Program"
    LastWriteTime="131451213940000000" />
  <Object
    Path="C:\projects\UnivCntrl\UniversalController\Logical\HotWire\_Menu\MenuCyclic.c"
    LogicalPath="HotWire._Menu.MenuCyclic.c"
    Type="File"
    LastWriteTime="132178023060000000"
    Private="false" />
  <Object
    Path="C:\projects\UnivCntrl\UniversalController\Logical\HotWire\_MotorDriver\ANSIC.prg"
    LogicalPath="HotWire._MotorDriver"
    Type="Program"
    LastWriteTime="131451213940000000" />
  <Object
    Path="C:\projects\UnivCntrl\UniversalController\Logical\HotWire\_MotorDriver\MotorDriverCyclic.c"
    LogicalPath="HotWire._MotorDriver.MotorDriverCyclic.c"
    Type="File"
    LastWriteTime="131983097260000000"
    Private="false" />
  <Object
    Path="C:\projects\UnivCntrl\UniversalController\Logical\HotWire\_PowerSupplyDriver\ANSIC.prg"
    LogicalPath="HotWire._PowerSupplyDriver"
    Type="Program"
    LastWriteTime="131451213940000000" />
  <Object
    Path="C:\projects\UnivCntrl\UniversalController\Logical\HotWire\_PowerSupplyDriver\PowerSupplyDriverCyclic.c"
    LogicalPath="HotWire._PowerSupplyDriver.PowerSupplyDriverCyclic.c"
    Type="File"
    LastWriteTime="131989240100000000"
    Private="false" />
  <Object
    Path="C:\projects\UnivCntrl\UniversalController\Logical\HotWire\_Master\ANSIC.prg"
    LogicalPath="HotWire._Master"
    Type="Program"
    LastWriteTime="131451213940000000" />
  <Object
    Path="C:\projects\UnivCntrl\UniversalController\Logical\HotWire\_Master\Master.c"
    LogicalPath="HotWire._Master.Master.c"
    Type="File"
    LastWriteTime="131451213940000000"
    Private="false" />
  <Object
    Path="C:\projects\UnivCntrl\UniversalController\Logical\FourAxisTigCtrl\Package.pkg"
    LogicalPath="FourAxisTigCtrl"
    Type="Package"
    LastWriteTime="133754689620000000" />
  <Object
    Path="C:\projects\UnivCntrl\UniversalController\Logical\FourAxisTigCtrl\GlobDef.h"
    LogicalPath="FourAxisTigCtrl.GlobDef.h"
    Type="File"
    LastWriteTime="133831050760000000"
    Private="false" />
  <Object
    Path="C:\projects\UnivCntrl\UniversalController\Logical\FourAxisTigCtrl\GlobDecl.h"
    LogicalPath="FourAxisTigCtrl.GlobDecl.h"
    Type="File"
    LastWriteTime="132339553200000000"
    Private="false" />
  <Object
    Path="C:\projects\UnivCntrl\UniversalController\Logical\FourAxisTigCtrl\HMI_Cntrl.c"
    LogicalPath="FourAxisTigCtrl.HMI_Cntrl.c"
    Type="File"
    LastWriteTime="133843650154430520"
    Private="false" />
  <Object
    Path="C:\projects\UnivCntrl\UniversalController\Logical\FourAxisTigCtrl\Hardcoded.c"
    LogicalPath="FourAxisTigCtrl.Hardcoded.c"
    Type="File"
    LastWriteTime="133669059700000000"
    Private="false" />
  <Object
    Path="C:\projects\UnivCntrl\UniversalController\Logical\FourAxisTigCtrl\Main2\ANSIC.prg"
    LogicalPath="FourAxisTigCtrl.Main2"
    Type="Program"
    LastWriteTime="131451213940000000" />
  <Object
    Path="C:\projects\UnivCntrl\UniversalController\Logical\FourAxisTigCtrl\Main2\Main2_FourAxisTigCtrl.c.c"
    LogicalPath="FourAxisTigCtrl.Main2.Main2_FourAxisTigCtrl.c.c"
    Type="File"
    LastWriteTime="133843659119251246"
    Private="false" />
  <Object
    Path="C:\projects\UnivCntrl\UniversalController\Logical\FourAxisTigCtrl\PermSaving\ANSIC.prg"
    LogicalPath="FourAxisTigCtrl.PermSaving"
    Type="Program"
    LastWriteTime="131451213940000000" />
  <Object
    Path="C:\projects\UnivCntrl\UniversalController\Logical\FourAxisTigCtrl\PermSaving\PermSaving.c"
    LogicalPath="FourAxisTigCtrl.PermSaving.PermSaving.c"
    Type="File"
    LastWriteTime="132407787360000000"
    Private="false" />
  <Object
    Path="C:\projects\UnivCntrl\UniversalController\Logical\FourAxisTigCtrl\AVC_SYNCH\ANSIC.prg"
    LogicalPath="FourAxisTigCtrl.AVC_SYNCH"
    Type="Program"
    LastWriteTime="131451213940000000" />
  <Object
    Path="C:\projects\UnivCntrl\UniversalController\Logical\FourAxisTigCtrl\AVC_SYNCH\AVC_SYNCH.c"
    LogicalPath="FourAxisTigCtrl.AVC_SYNCH.AVC_SYNCH.c"
    Type="File"
    LastWriteTime="132907211280000000"
    Private="false" />
  <Object
    Path="C:\projects\UnivCntrl\UniversalController\Logical\FourAxisTigCtrl\HeadConfig.c"
    LogicalPath="FourAxisTigCtrl.HeadConfig.c"
    Type="File"
    LastWriteTime="133843617804455083"
    Private="false" />
  <Object
    Path="C:\projects\UnivCntrl\UniversalController\Logical\FourAxisTigCtrl\HMI_Report\ANSIC.prg"
    LogicalPath="FourAxisTigCtrl.HMI_Report"
    Type="Program"
    LastWriteTime="132650252840000000" />
  <Object
    Path="C:\projects\UnivCntrl\UniversalController\Logical\FourAxisTigCtrl\HMI_Report\HMI_Reports.c"
    LogicalPath="FourAxisTigCtrl.HMI_Report.HMI_Reports.c"
    Type="File"
    LastWriteTime="133827558060000000"
    Private="false" />
  <Object
    Path="C:\projects\UnivCntrl\UniversalController\Logical\FourAxisTigCtrl\HMI_Report\Types.typ"
    LogicalPath="FourAxisTigCtrl.HMI_Report.Types.typ"
    Type="File"
    LastWriteTime="132650237200000000"
    Private="true" />
  <Object
    Path="C:\projects\UnivCntrl\UniversalController\Logical\FourAxisTigCtrl\HMI_Report\Variables.var"
    LogicalPath="FourAxisTigCtrl.HMI_Report.Variables.var"
    Type="File"
    LastWriteTime="132650237200000000"
    Private="true" />
  <Object
    Path="C:\projects\UnivCntrl\UniversalController\Logical\FourAxisTigCtrl\HMI_Report\HMI_Reports.h"
    LogicalPath="FourAxisTigCtrl.HMI_Report.HMI_Reports.h"
    Type="File"
    LastWriteTime="133813982400000000"
    Private="false" />
  <Object
    Path="C:\projects\UnivCntrl\UniversalController\Logical\FourAxisTigCtrl\Visu1\Vc.dob"
    LogicalPath="FourAxisTigCtrl.Visu1"
    Type="DataObject"
    LastWriteTime="132650238360000000" />
  <Object
    Path="C:\projects\UnivCntrl\UniversalController\Logical\FourAxisTigCtrl\Visu1\VCObject.vc"
    LogicalPath="FourAxisTigCtrl.Visu1.VCObject.vc"
    Type="File"
    LastWriteTime="132650238360000000"
    Private="false" />
  <Object
    Path="C:\projects\UnivCntrl\UniversalController\Logical\FourAxisTigCtrl\Visu2\Vc.dob"
    LogicalPath="FourAxisTigCtrl.Visu2"
    Type="DataObject"
    LastWriteTime="133754689620000000" />
  <Object
    Path="C:\projects\UnivCntrl\UniversalController\Logical\FourAxisTigCtrl\Visu2\VCObject.vc"
    LogicalPath="FourAxisTigCtrl.Visu2.VCObject.vc"
    Type="File"
    LastWriteTime="133754689620000000"
    Private="false" />
  <Object
    Path="C:\projects\UnivCntrl\UniversalController\Logical\bglib\Package.pkg"
    LogicalPath="bglib"
    Type="Package"
    LastWriteTime="131451213940000000" />
  <Object
    Path="C:\projects\UnivCntrl\UniversalController\Logical\bglib\bgXmlRpcParser.h"
    LogicalPath="bglib.bgXmlRpcParser.h"
    Type="File"
    LastWriteTime="131451213940000000"
    Private="false" />
  <Object
    Path="C:\projects\UnivCntrl\UniversalController\Logical\bglib\_X_bgftpclient.c"
    LogicalPath="bglib._X_bgftpclient.c"
    Type="File"
    LastWriteTime="131451213940000000"
    Private="false" />
  <Object
    Path="C:\projects\UnivCntrl\UniversalController\Logical\bglib\bgBitUtilities.c"
    LogicalPath="bglib.bgBitUtilities.c"
    Type="File"
    LastWriteTime="131451213940000000"
    Private="false" />
  <Object
    Path="C:\projects\UnivCntrl\UniversalController\Logical\bglib\bgBufMemAlloc.c"
    LogicalPath="bglib.bgBufMemAlloc.c"
    Type="File"
    LastWriteTime="131451213940000000"
    Private="false" />
  <Object
    Path="C:\projects\UnivCntrl\UniversalController\Logical\bglib\bgBufMemAlloc.h"
    LogicalPath="bglib.bgBufMemAlloc.h"
    Type="File"
    LastWriteTime="131451213940000000"
    Private="false" />
  <Object
    Path="C:\projects\UnivCntrl\UniversalController\Logical\bglib\bgDataStructures.c"
    LogicalPath="bglib.bgDataStructures.c"
    Type="File"
    LastWriteTime="131451213940000000"
    Private="false" />
  <Object
    Path="C:\projects\UnivCntrl\UniversalController\Logical\bglib\bgDataStructures.h"
    LogicalPath="bglib.bgDataStructures.h"
    Type="File"
    LastWriteTime="131451213940000000"
    Private="false" />
  <Object
    Path="C:\projects\UnivCntrl\UniversalController\Logical\bglib\bgdebug.h"
    LogicalPath="bglib.bgdebug.h"
    Type="File"
    LastWriteTime="131451213940000000"
    Private="false" />
  <Object
    Path="C:\projects\UnivCntrl\UniversalController\Logical\bglib\bgfsig.c"
    LogicalPath="bglib.bgfsig.c"
    Type="File"
    LastWriteTime="131451213940000000"
    Private="false" />
  <Object
    Path="C:\projects\UnivCntrl\UniversalController\Logical\bglib\bgfsig.h"
    LogicalPath="bglib.bgfsig.h"
    Type="File"
    LastWriteTime="131451213940000000"
    Private="false" />
  <Object
    Path="C:\projects\UnivCntrl\UniversalController\Logical\bglib\bgftpclient.c"
    LogicalPath="bglib.bgftpclient.c"
    Type="File"
    LastWriteTime="131451213940000000"
    Private="false" />
  <Object
    Path="C:\projects\UnivCntrl\UniversalController\Logical\bglib\bgftpclient.h"
    LogicalPath="bglib.bgftpclient.h"
    Type="File"
    LastWriteTime="131451213940000000"
    Private="false" />
  <Object
    Path="C:\projects\UnivCntrl\UniversalController\Logical\bglib\bgftpclient_lib.c"
    LogicalPath="bglib.bgftpclient_lib.c"
    Type="File"
    LastWriteTime="131451213940000000"
    Private="false" />
  <Object
    Path="C:\projects\UnivCntrl\UniversalController\Logical\bglib\bgHttpAppWeb.c"
    LogicalPath="bglib.bgHttpAppWeb.c"
    Type="File"
    LastWriteTime="131451213940000000"
    Private="false" />
  <Object
    Path="C:\projects\UnivCntrl\UniversalController\Logical\bglib\bgHttpAppWeb.h"
    LogicalPath="bglib.bgHttpAppWeb.h"
    Type="File"
    LastWriteTime="131451213940000000"
    Private="false" />
  <Object
    Path="C:\projects\UnivCntrl\UniversalController\Logical\bglib\bgHttpAppXmlRpc.c"
    LogicalPath="bglib.bgHttpAppXmlRpc.c"
    Type="File"
    LastWriteTime="131451213940000000"
    Private="false" />
  <Object
    Path="C:\projects\UnivCntrl\UniversalController\Logical\bglib\bgHttpAppXmlRpc.h"
    LogicalPath="bglib.bgHttpAppXmlRpc.h"
    Type="File"
    LastWriteTime="131451213940000000"
    Private="false" />
  <Object
    Path="C:\projects\UnivCntrl\UniversalController\Logical\bglib\bgHttpProtocol.c"
    LogicalPath="bglib.bgHttpProtocol.c"
    Type="File"
    LastWriteTime="131451213940000000"
    Private="false" />
  <Object
    Path="C:\projects\UnivCntrl\UniversalController\Logical\bglib\bgHttpProtocol.h"
    LogicalPath="bglib.bgHttpProtocol.h"
    Type="File"
    LastWriteTime="131451213940000000"
    Private="false" />
  <Object
    Path="C:\projects\UnivCntrl\UniversalController\Logical\bglib\bglib-1.c"
    LogicalPath="bglib.bglib-1.c"
    Type="File"
    LastWriteTime="131451213940000000"
    Private="false" />
  <Object
    Path="C:\projects\UnivCntrl\UniversalController\Logical\bglib\bglib.c"
    LogicalPath="bglib.bglib.c"
    Type="File"
    LastWriteTime="131451213940000000"
    Private="false" />
  <Object
    Path="C:\projects\UnivCntrl\UniversalController\Logical\bglib\bglibversion.h"
    LogicalPath="bglib.bglibversion.h"
    Type="File"
    LastWriteTime="131451213940000000"
    Private="false" />
  <Object
    Path="C:\projects\UnivCntrl\UniversalController\Logical\bglib\bgPVLogger2.c"
    LogicalPath="bglib.bgPVLogger2.c"
    Type="File"
    LastWriteTime="131451213940000000"
    Private="false" />
  <Object
    Path="C:\projects\UnivCntrl\UniversalController\Logical\bglib\bgPVLogger.c"
    LogicalPath="bglib.bgPVLogger.c"
    Type="File"
    LastWriteTime="131451213940000000"
    Private="false" />
  <Object
    Path="C:\projects\UnivCntrl\UniversalController\Logical\bglib\bgringbuffer.c"
    LogicalPath="bglib.bgringbuffer.c"
    Type="File"
    LastWriteTime="131451213940000000"
    Private="false" />
  <Object
    Path="C:\projects\UnivCntrl\UniversalController\Logical\bglib\bgringbuffer.h"
    LogicalPath="bglib.bgringbuffer.h"
    Type="File"
    LastWriteTime="131451213940000000"
    Private="false" />
  <Object
    Path="C:\projects\UnivCntrl\UniversalController\Logical\bglib\bgSecMD5Signature.c"
    LogicalPath="bglib.bgSecMD5Signature.c"
    Type="File"
    LastWriteTime="131451213940000000"
    Private="false" />
  <Object
    Path="C:\projects\UnivCntrl\UniversalController\Logical\bglib\bgSecMD5Signature.h"
    LogicalPath="bglib.bgSecMD5Signature.h"
    Type="File"
    LastWriteTime="131451213940000000"
    Private="false" />
  <Object
    Path="C:\projects\UnivCntrl\UniversalController\Logical\bglib\bgsprintf.c"
    LogicalPath="bglib.bgsprintf.c"
    Type="File"
    LastWriteTime="131451213940000000"
    Private="false" />
  <Object
    Path="C:\projects\UnivCntrl\UniversalController\Logical\bglib\bgsprintf.h"
    LogicalPath="bglib.bgsprintf.h"
    Type="File"
    LastWriteTime="131451213940000000"
    Private="false" />
  <Object
    Path="C:\projects\UnivCntrl\UniversalController\Logical\bglib\bgsscanf.c"
    LogicalPath="bglib.bgsscanf.c"
    Type="File"
    LastWriteTime="131451213940000000"
    Private="false" />
  <Object
    Path="C:\projects\UnivCntrl\UniversalController\Logical\bglib\bgsscanf.h"
    LogicalPath="bglib.bgsscanf.h"
    Type="File"
    LastWriteTime="131451213940000000"
    Private="false" />
  <Object
    Path="C:\projects\UnivCntrl\UniversalController\Logical\bglib\bgstatemachine.c"
    LogicalPath="bglib.bgstatemachine.c"
    Type="File"
    LastWriteTime="131451213940000000"
    Private="false" />
  <Object
    Path="C:\projects\UnivCntrl\UniversalController\Logical\bglib\bgstatemachine.h"
    LogicalPath="bglib.bgstatemachine.h"
    Type="File"
    LastWriteTime="131451213940000000"
    Private="false" />
  <Object
    Path="C:\projects\UnivCntrl\UniversalController\Logical\bglib\bgstring.c"
    LogicalPath="bglib.bgstring.c"
    Type="File"
    LastWriteTime="131451213940000000"
    Private="false" />
  <Object
    Path="C:\projects\UnivCntrl\UniversalController\Logical\bglib\bgstring.h"
    LogicalPath="bglib.bgstring.h"
    Type="File"
    LastWriteTime="131451213940000000"
    Private="false" />
  <Object
    Path="C:\projects\UnivCntrl\UniversalController\Logical\bglib\bgstringTest.c"
    LogicalPath="bglib.bgstringTest.c"
    Type="File"
    LastWriteTime="131451213940000000"
    Private="false" />
  <Object
    Path="C:\projects\UnivCntrl\UniversalController\Logical\bglib\bgTcpSocketClient.c"
    LogicalPath="bglib.bgTcpSocketClient.c"
    Type="File"
    LastWriteTime="131451213940000000"
    Private="false" />
  <Object
    Path="C:\projects\UnivCntrl\UniversalController\Logical\bglib\bgTcpSocketClientServer.h"
    LogicalPath="bglib.bgTcpSocketClientServer.h"
    Type="File"
    LastWriteTime="131451213940000000"
    Private="false" />
  <Object
    Path="C:\projects\UnivCntrl\UniversalController\Logical\bglib\bgTcpSocketServer.c"
    LogicalPath="bglib.bgTcpSocketServer.c"
    Type="File"
    LastWriteTime="131451213940000000"
    Private="false" />
  <Object
    Path="C:\projects\UnivCntrl\UniversalController\Logical\bglib\bgtelnetsrvr.c"
    LogicalPath="bglib.bgtelnetsrvr.c"
    Type="File"
    LastWriteTime="131451213940000000"
    Private="false" />
  <Object
    Path="C:\projects\UnivCntrl\UniversalController\Logical\bglib\bgTelnetSrvr-astcp.c"
    LogicalPath="bglib.bgTelnetSrvr-astcp.c"
    Type="File"
    LastWriteTime="131451213940000000"
    Private="false" />
  <Object
    Path="C:\projects\UnivCntrl\UniversalController\Logical\bglib\bgTimer1ms.c"
    LogicalPath="bglib.bgTimer1ms.c"
    Type="File"
    LastWriteTime="131451213940000000"
    Private="false" />
  <Object
    Path="C:\projects\UnivCntrl\UniversalController\Logical\bglib\bgTimer.c"
    LogicalPath="bglib.bgTimer.c"
    Type="File"
    LastWriteTime="131451213940000000"
    Private="false" />
  <Object
    Path="C:\projects\UnivCntrl\UniversalController\Logical\bglib\bgTimer.h"
    LogicalPath="bglib.bgTimer.h"
    Type="File"
    LastWriteTime="131451213940000000"
    Private="false" />
  <Object
    Path="C:\projects\UnivCntrl\UniversalController\Logical\bglib\bgXmlRpcParser.c"
    LogicalPath="bglib.bgXmlRpcParser.c"
    Type="File"
    LastWriteTime="131451213940000000"
    Private="false" />
  <Object
    Path="C:\projects\UnivCntrl\UniversalController\Logical\bglib\bgPVSerializeJSON.h"
    LogicalPath="bglib.bgPVSerializeJSON.h"
    Type="File"
    LastWriteTime="131451213940000000"
    Private="false" />
  <Object
    Path="C:\projects\UnivCntrl\UniversalController\Logical\bglib\bgPVSerialize.h"
    LogicalPath="bglib.bgPVSerialize.h"
    Type="File"
    LastWriteTime="131451213940000000"
    Private="false" />
  <Object
    Path="C:\projects\UnivCntrl\UniversalController\Logical\bglib\bgPVSerialize.c"
    LogicalPath="bglib.bgPVSerialize.c"
    Type="File"
    LastWriteTime="131451213940000000"
    Private="false" />
  <Object
    Path="C:\projects\UnivCntrl\UniversalController\Logical\bglib\bgBitUtilities.h"
    LogicalPath="bglib.bgBitUtilities.h"
    Type="File"
    LastWriteTime="131451213940000000"
    Private="false" />
  <Object
    Path="C:\projects\UnivCntrl\UniversalController\Logical\bglib\bgTimer1ms.h"
    LogicalPath="bglib.bgTimer1ms.h"
    Type="File"
    LastWriteTime="131451213940000000"
    Private="false" />
  <Object
    Path="C:\projects\UnivCntrl\UniversalController\Logical\bglib\bgPVSerializeJSON.c"
    LogicalPath="bglib.bgPVSerializeJSON.c"
    Type="File"
    LastWriteTime="131451213940000000"
    Private="false" />
  <Object
    Path="C:\projects\UnivCntrl\UniversalController\Logical\UDP\Package.pkg"
    LogicalPath="UDP"
    Type="Package"
    LastWriteTime="131451213940000000" />
  <Object
    Path="C:\projects\UnivCntrl\UniversalController\Logical\UDP\1stReadme-UDP.txt"
    LogicalPath="UDP.1stReadme-UDP.txt"
    Type="File"
    LastWriteTime="131451213940000000"
    Private="false" />
  <Object
    Path="C:\projects\UnivCntrl\UniversalController\Logical\UDP\udpApp.typ"
    LogicalPath="UDP.udpApp.typ"
    Type="File"
    LastWriteTime="131451213940000000"
    Private="false" />
  <Object
    Path="C:\projects\UnivCntrl\UniversalController\Logical\UDP\udpApp.var"
    LogicalPath="UDP.udpApp.var"
    Type="File"
    LastWriteTime="131451213940000000"
    Private="false" />
  <Object
    Path="C:\projects\UnivCntrl\UniversalController\Logical\UDP\cJSON\Package.pkg"
    LogicalPath="UDP.cJSON"
    Type="Package"
    LastWriteTime="131451213940000000" />
  <Object
    Path="C:\projects\UnivCntrl\UniversalController\Logical\UDP\cJSON\cJSON.typ"
    LogicalPath="UDP.cJSON.cJSON.typ"
    Type="File"
    LastWriteTime="131451213940000000"
    Private="false" />
  <Object
    Path="C:\projects\UnivCntrl\UniversalController\Logical\UDP\cJSON\cJSON.var"
    LogicalPath="UDP.cJSON.cJSON.var"
    Type="File"
    LastWriteTime="131451213940000000"
    Private="false" />
  <Object
    Path="C:\projects\UnivCntrl\UniversalController\Logical\UDP\cJSON\cJSONTest\ANSIC.prg"
    LogicalPath="UDP.cJSON.cJSONTest"
    Type="Program"
    LastWriteTime="131451213940000000" />
  <Object
    Path="C:\projects\UnivCntrl\UniversalController\Logical\UDP\cJSON\cJSONTest\cJSON.c"
    LogicalPath="UDP.cJSON.cJSONTest.cJSON.c"
    Type="File"
    LastWriteTime="132321561740000000"
    Private="false" />
  <Object
    Path="C:\projects\UnivCntrl\UniversalController\Logical\UDP\cJSON\cJSONTest\cJSON.h"
    LogicalPath="UDP.cJSON.cJSONTest.cJSON.h"
    Type="File"
    LastWriteTime="131451213940000000"
    Private="false" />
  <Object
    Path="C:\projects\UnivCntrl\UniversalController\Logical\UDP\cJSON\cJSONTest\test.c"
    LogicalPath="UDP.cJSON.cJSONTest.test.c"
    Type="File"
    LastWriteTime="131451213940000000"
    Private="false" />
  <Object
    Path="C:\projects\UnivCntrl\UniversalController\Logical\UDP\cJSON\cJSONTest\cJSONTest.c"
    LogicalPath="UDP.cJSON.cJSONTest.cJSONTest.c"
    Type="File"
    LastWriteTime="131847844360000000"
    Private="false" />
  <Object
    Path="C:\projects\UnivCntrl\UniversalController\Logical\UDP\paiUDPService\Package.pkg"
    LogicalPath="UDP.paiUDPService"
    Type="Package"
    LastWriteTime="131451213940000000" />
  <Object
    Path="C:\projects\UnivCntrl\UniversalController\Logical\UDP\paiUDPService\paiUDPService.typ"
    LogicalPath="UDP.paiUDPService.paiUDPService.typ"
    Type="File"
    LastWriteTime="131451213940000000"
    Private="false" />
  <Object
    Path="C:\projects\UnivCntrl\UniversalController\Logical\UDP\paiUDPService\paiUDPService.var"
    LogicalPath="UDP.paiUDPService.paiUDPService.var"
    Type="File"
    LastWriteTime="131451213940000000"
    Private="false" />
  <Object
    Path="C:\projects\UnivCntrl\UniversalController\Logical\UDP\paiUDPService\udpserv\ANSIC.prg"
    LogicalPath="UDP.paiUDPService.udpserv"
    Type="Program"
    LastWriteTime="131451213940000000" />
  <Object
    Path="C:\projects\UnivCntrl\UniversalController\Logical\UDP\paiUDPService\udpserv\udpserv.c"
    LogicalPath="UDP.paiUDPService.udpserv.udpserv.c"
    Type="File"
    LastWriteTime="131451213940000000"
    Private="false" />
  <Object
    Path="C:\projects\UnivCntrl\UniversalController\Logical\UDP\paiUDPService\udpclient\ANSIC.prg"
    LogicalPath="UDP.paiUDPService.udpclient"
    Type="Program"
    LastWriteTime="131451213940000000" />
  <Object
    Path="C:\projects\UnivCntrl\UniversalController\Logical\UDP\paiUDPService\udpclient\udpclient.c"
    LogicalPath="UDP.paiUDPService.udpclient.udpclient.c"
    Type="File"
    LastWriteTime="131451213940000000"
    Private="false" />
  <Object
    Path="C:\projects\UnivCntrl\UniversalController\Logical\UDP\udpApp\ANSIC.prg"
    LogicalPath="UDP.udpApp"
    Type="Program"
    LastWriteTime="131451213940000000" />
  <Object
    Path="C:\projects\UnivCntrl\UniversalController\Logical\UDP\udpApp\udpApp.c"
    LogicalPath="UDP.udpApp.udpApp.c"
    Type="File"
    LastWriteTime="131451213940000000"
    Private="false" />
  <Object
    Path="C:\projects\UnivCntrl\UniversalController\Logical\UDP\udpsimonly\ANSIC.prg"
    LogicalPath="UDP.udpsimonly"
    Type="Program"
    LastWriteTime="131451213940000000" />
  <Object
    Path="C:\projects\UnivCntrl\UniversalController\Logical\UDP\udpsimonly\udpsimonly.c"
    LogicalPath="UDP.udpsimonly.udpsimonly.c"
    Type="File"
    LastWriteTime="131451213940000000"
    Private="false" />
  <Object
    Path="C:\projects\UnivCntrl\UniversalController\Logical\UDP\sscanf2\Package.pkg"
    LogicalPath="UDP.sscanf2"
    Type="Package"
    LastWriteTime="131451213940000000" />
  <Object
    Path="C:\projects\UnivCntrl\UniversalController\Logical\UDP\sscanf2\libsscanf2-i386.a"
    LogicalPath="UDP.sscanf2.libsscanf2-i386.a"
    Type="File"
    LastWriteTime="131451213940000000"
    Private="false" />
  <Object
    Path="C:\projects\UnivCntrl\UniversalController\Logical\UDP\sscanf2\sscanf2.h"
    LogicalPath="UDP.sscanf2.sscanf2.h"
    Type="File"
    LastWriteTime="131451213940000000"
    Private="false" />
  <Object
    Path="C:\projects\UnivCntrl\UniversalController\Logical\ProgrEMRG\ANSIC.prg"
    LogicalPath="ProgrEMRG"
    Type="Program"
    LastWriteTime="131615215020000000" />
  <Object
    Path="C:\projects\UnivCntrl\UniversalController\Logical\ProgrEMRG\ProgrEMRG.c"
    LogicalPath="ProgrEMRG.ProgrEMRG.c"
    Type="File"
    LastWriteTime="131615417380000000"
    Private="false" />
  <Object
    Path="C:\projects\UnivCntrl\UniversalController\Logical\ProgrEMRG\Types.typ"
    LogicalPath="ProgrEMRG.Types.typ"
    Type="File"
    LastWriteTime="131615214680000000"
    Private="true" />
  <Object
    Path="C:\projects\UnivCntrl\UniversalController\Logical\ProgrEMRG\Variables.var"
    LogicalPath="ProgrEMRG.Variables.var"
    Type="File"
    LastWriteTime="131615214680000000"
    Private="true" />
  <Object
    Path="C:\projects\UnivCntrl\UniversalController\Physical\X20CP1585_CMT\Config.pkg"
    LogicalPath="X20CP1585_CMT"
    Type="Configuration.ParentUnknown"
    LastWriteTime="132750030840000000" />
  <Object
    Path="C:\projects\UnivCntrl\UniversalController\Physical\X20CP1585_CMT\Hardware.hw"
    LogicalPath="X20CP1585_CMT.Hardware.hw"
    Type="File"
    LastWriteTime="133765722960000000"
    Private="false" />
  <Object
    Path="C:\projects\UnivCntrl\UniversalController\Physical\X20CP1585_CMT\Hardware.hwl"
    LogicalPath="X20CP1585_CMT.Hardware.hwl"
    Type="File"
    LastWriteTime="132750030840000000"
    Private="false" />
  <Object
    Path="C:\projects\UnivCntrl\UniversalController\Physical\X20CP1585_CMT\PLC1\Cpu.pkg"
    LogicalPath="X20CP1585_CMT.PLC1"
    Type="Cpu"
    LastWriteTime="133840316438040960" />
  <Object
    Path="C:\projects\UnivCntrl\UniversalController\Physical\X20CP1585_CMT\PLC1\Cpu.sw"
    LogicalPath="X20CP1585_CMT.PLC1.Cpu.sw"
    Type="File"
    LastWriteTime="132750030840000000"
    Private="false" />
  <Object
    Path="C:\projects\UnivCntrl\UniversalController\Physical\X20CP1585_CMT\PLC1\Cpu.per"
    LogicalPath="X20CP1585_CMT.PLC1.Cpu.per"
    Type="File"
    LastWriteTime="132750030840000000"
    Private="false" />
  <Object
    Path="C:\projects\UnivCntrl\UniversalController\Physical\X20CP1585_CMT\PLC1\IoMap.iom"
    LogicalPath="X20CP1585_CMT.PLC1.IoMap.iom"
    Type="File"
    LastWriteTime="132750030840000000"
    Private="false" />
  <Object
    Path="C:\projects\UnivCntrl\UniversalController\Physical\X20CP1585_CMT\PLC1\PvMap.vvm"
    LogicalPath="X20CP1585_CMT.PLC1.PvMap.vvm"
    Type="File"
    LastWriteTime="132750030840000000"
    Private="false" />
  <Object
    Path="C:\projects\UnivCntrl\UniversalController\Physical\X20CP1585_CMT\PLC1\Motion\Package.pkg"
    LogicalPath="X20CP1585_CMT.PLC1.Motion"
    Type="Package"
    LastWriteTime="133765724780000000" />
  <Object
    Path="C:\projects\UnivCntrl\UniversalController\Physical\X20CP1585_CMT\PLC1\Motion\Acp10cfg.ncc"
    LogicalPath="X20CP1585_CMT.PLC1.Motion.Acp10cfg.ncc"
    Type="File"
    LastWriteTime="132750030840000000"
    Private="false" />
  <Object
    Path="C:\projects\UnivCntrl\UniversalController\Physical\X20CP1585_CMT\PLC1\Motion\Acp10map.ncm"
    LogicalPath="X20CP1585_CMT.PLC1.Motion.Acp10map.ncm"
    Type="File"
    LastWriteTime="132750030840000000"
    Private="false" />
  <Object
    Path="C:\projects\UnivCntrl\UniversalController\Physical\X20CP1585_CMT\PLC1\Motion\Acp10sys.br"
    LogicalPath="X20CP1585_CMT.PLC1.Motion.Acp10sys.br"
    Type="File"
    LastWriteTime="133765724780000000"
    Private="false" />
  <Object
    Path="C:\projects\UnivCntrl\UniversalController\Physical\X20CP1585_CMT\PLC1\PermObj_16.br"
    LogicalPath="X20CP1585_CMT.PLC1.PermObj_16.br"
    Type="File"
    LastWriteTime="132750030840000000"
    Private="false" />
  <Object
    Path="C:\projects\UnivCntrl\UniversalController\Physical\X20CP1585_CMT\PLC1\PermObj_7.br"
    LogicalPath="X20CP1585_CMT.PLC1.PermObj_7.br"
    Type="File"
    LastWriteTime="132750030840000000"
    Private="false" />
  <Object
    Path="C:\projects\UnivCntrl\UniversalController\Physical\X20CP1585_CMT\PLC1\PermObj_15.br"
    LogicalPath="X20CP1585_CMT.PLC1.PermObj_15.br"
    Type="File"
    LastWriteTime="132750030840000000"
    Private="false" />
  <Object
    Path="C:\projects\UnivCntrl\UniversalController\Physical\X20CP1585_CMT\PLC1\PermObj_3.br"
    LogicalPath="X20CP1585_CMT.PLC1.PermObj_3.br"
    Type="File"
    LastWriteTime="132750030840000000"
    Private="false" />
  <Object
    Path="C:\projects\UnivCntrl\UniversalController\Physical\X20CP1585_CMT\PLC1\LogBook1.br"
    LogicalPath="X20CP1585_CMT.PLC1.LogBook1.br"
    Type="File"
    LastWriteTime="132750030840000000"
    Private="false" />
  <Object
    Path="C:\projects\UnivCntrl\UniversalController\Physical\X20CP1585_CMT\PLC1\VC\Package.pkg"
    LogicalPath="X20CP1585_CMT.PLC1.VC"
    Type="Package"
    LastWriteTime="132750030840000000" />
  <Object
    Path="C:\projects\UnivCntrl\UniversalController\Physical\X20CP1585_CMT\PLC1\VC\PS2-Keyboard.dis"
    LogicalPath="X20CP1585_CMT.PLC1.VC.PS2-Keyboard.dis"
    Type="File"
    LastWriteTime="132750030840000000"
    Private="false" />
  <Object
    Path="C:\projects\UnivCntrl\UniversalController\Physical\X20CP1585_CMT\PLC1\PermObj_29.br"
    LogicalPath="X20CP1585_CMT.PLC1.PermObj_29.br"
    Type="File"
    LastWriteTime="133839457476458068"
    Private="false" />
  <Object
    Path="C:\projects\UnivCntrl\UniversalController\Physical\X20CP1585_CMT\PLC1\PermObj_19.br"
    LogicalPath="X20CP1585_CMT.PLC1.PermObj_19.br"
    Type="File"
    LastWriteTime="133839457481736264"
    Private="false" />
  <Object
    Path="C:\projects\UnivCntrl\UniversalController\Physical\X20CP1585_CMT\PLC1\PermObj_33.br"
    LogicalPath="X20CP1585_CMT.PLC1.PermObj_33.br"
    Type="File"
    LastWriteTime="133839457482813809"
    Private="false" />
  <Object
    Path="C:\projects\UnivCntrl\UniversalController\Physical\X20CP1585_CMT\PLC1\PermObj_13.br"
    LogicalPath="X20CP1585_CMT.PLC1.PermObj_13.br"
    Type="File"
    LastWriteTime="133839457483854332"
    Private="false" />
  <Object
    Path="C:\projects\UnivCntrl\UniversalController\Physical\X20CP1585_CMT\PLC1\PermObj_0.br"
    LogicalPath="X20CP1585_CMT.PLC1.PermObj_0.br"
    Type="File"
    LastWriteTime="133839457484993683"
    Private="false" />
  <Object
    Path="C:\projects\UnivCntrl\UniversalController\Physical\X20CP1585_CMT\PLC1\PermObj_28.br"
    LogicalPath="X20CP1585_CMT.PLC1.PermObj_28.br"
    Type="File"
    LastWriteTime="133839457486058951"
    Private="false" />
  <Object
    Path="C:\projects\UnivCntrl\UniversalController\Physical\X20CP1585_CMT\PLC1\PermObj_18.br"
    LogicalPath="X20CP1585_CMT.PLC1.PermObj_18.br"
    Type="File"
    LastWriteTime="133839457487062472"
    Private="false" />
  <Object
    Path="C:\projects\UnivCntrl\UniversalController\Physical\X20CP1585_CMT\PLC1\PermObj_34.br"
    LogicalPath="X20CP1585_CMT.PLC1.PermObj_34.br"
    Type="File"
    LastWriteTime="133839457488092641"
    Private="false" />
  <Object
    Path="C:\projects\UnivCntrl\UniversalController\Physical\X20CP1585_CMT\PLC1\PermObj_24.br"
    LogicalPath="X20CP1585_CMT.PLC1.PermObj_24.br"
    Type="File"
    LastWriteTime="133839457489190382"
    Private="false" />
  <Object
    Path="C:\projects\UnivCntrl\UniversalController\Physical\X20CP1585_CMT\PLC1\PermObj_9.br"
    LogicalPath="X20CP1585_CMT.PLC1.PermObj_9.br"
    Type="File"
    LastWriteTime="133839457490275393"
    Private="false" />
  <Object
    Path="C:\projects\UnivCntrl\UniversalController\Physical\X20CP1585_CMT\PLC1\PermObj_2.br"
    LogicalPath="X20CP1585_CMT.PLC1.PermObj_2.br"
    Type="File"
    LastWriteTime="133839457491442103"
    Private="false" />
  <Object
    Path="C:\projects\UnivCntrl\UniversalController\Physical\X20CP1585_CMT\PLC1\PermObj_1.br"
    LogicalPath="X20CP1585_CMT.PLC1.PermObj_1.br"
    Type="File"
    LastWriteTime="133839457492668267"
    Private="false" />
  <Object
    Path="C:\projects\UnivCntrl\UniversalController\Physical\X20CP1585_CMT\PLC1\PermObj_25.br"
    LogicalPath="X20CP1585_CMT.PLC1.PermObj_25.br"
    Type="File"
    LastWriteTime="133839457493716974"
    Private="false" />
  <Object
    Path="C:\projects\UnivCntrl\UniversalController\Physical\X20CP1585_CMT\PLC1\PermObj_27.br"
    LogicalPath="X20CP1585_CMT.PLC1.PermObj_27.br"
    Type="File"
    LastWriteTime="133839457494796479"
    Private="false" />
  <Object
    Path="C:\projects\UnivCntrl\UniversalController\Physical\X20CP1585_CMT\PLC1\PermObj_8.br"
    LogicalPath="X20CP1585_CMT.PLC1.PermObj_8.br"
    Type="File"
    LastWriteTime="133839457495983494"
    Private="false" />
  <Object
    Path="C:\projects\UnivCntrl\UniversalController\Physical\X20CP1585_CMT\Hardware.jpg"
    LogicalPath="X20CP1585_CMT.Hardware.jpg"
    Type="File"
    LastWriteTime="132750030840000000"
    Private="false" />
</Objects>